Archive member included to satisfy reference by file (symbol)

app/libapp.a(main.c.obj)      (--whole-archive)
zephyr/libzephyr.a(cbprintf.c.obj)
                              (--whole-archive)
zephyr/libzephyr.a(cbprintf_packaged.c.obj)
                              (--whole-archive)
zephyr/libzephyr.a(crc32c_sw.c.obj)
                              (--whole-archive)
zephyr/libzephyr.a(crc32_sw.c.obj)
                              (--whole-archive)
zephyr/libzephyr.a(crc16_sw.c.obj)
                              (--whole-archive)
zephyr/libzephyr.a(crc8_sw.c.obj)
                              (--whole-archive)
zephyr/libzephyr.a(crc7_sw.c.obj)
                              (--whole-archive)
zephyr/libzephyr.a(dec.c.obj)
                              (--whole-archive)
zephyr/libzephyr.a(fdtable.c.obj)
                              (--whole-archive)
zephyr/libzephyr.a(hex.c.obj)
                              (--whole-archive)
zephyr/libzephyr.a(notify.c.obj)
                              (--whole-archive)
zephyr/libzephyr.a(printk.c.obj)
                              (--whole-archive)
zephyr/libzephyr.a(onoff.c.obj)
                              (--whole-archive)
zephyr/libzephyr.a(rb.c.obj)  (--whole-archive)
zephyr/libzephyr.a(sem.c.obj)
                              (--whole-archive)
zephyr/libzephyr.a(thread_entry.c.obj)
                              (--whole-archive)
zephyr/libzephyr.a(timeutil.c.obj)
                              (--whole-archive)
zephyr/libzephyr.a(heap.c.obj)
                              (--whole-archive)
zephyr/libzephyr.a(heap-validate.c.obj)
                              (--whole-archive)
zephyr/libzephyr.a(bitarray.c.obj)
                              (--whole-archive)
zephyr/libzephyr.a(multi_heap.c.obj)
                              (--whole-archive)
zephyr/libzephyr.a(cbprintf_complete.c.obj)
                              (--whole-archive)
zephyr/libzephyr.a(assert.c.obj)
                              (--whole-archive)
zephyr/libzephyr.a(reboot.c.obj)
                              (--whole-archive)
zephyr/libzephyr.a(configs.c.obj)
                              (--whole-archive)
zephyr/libzephyr.a(soc_nrf_common.S.obj)
                              (--whole-archive)
zephyr/libzephyr.a(validate_base_addresses.c.obj)
                              (--whole-archive)
zephyr/libzephyr.a(validate_enabled_instances.c.obj)
                              (--whole-archive)
zephyr/libzephyr.a(thread_info.c.obj)
                              (--whole-archive)
zephyr/libzephyr.a(pm.c.obj)  (--whole-archive)
zephyr/libzephyr.a(policy.c.obj)
                              (--whole-archive)
zephyr/libzephyr.a(state.c.obj)
                              (--whole-archive)
zephyr/libzephyr.a(tracing_none.c.obj)
                              (--whole-archive)
zephyr/libzephyr.a(nrf_cc3xx_platform_abort_zephyr.c.obj)
                              (--whole-archive)
zephyr/libzephyr.a(nrf_cc3xx_platform_mutex_zephyr.c.obj)
                              (--whole-archive)
zephyr/arch/common/libarch__common.a(sw_isr_common.c.obj)
                              (--whole-archive)
zephyr/arch/arch/arm/core/aarch32/libarch__arm__core__aarch32.a(cpu_idle.S.obj)
                              (--whole-archive)
zephyr/arch/arch/arm/core/aarch32/libarch__arm__core__aarch32.a(fatal.c.obj)
                              (--whole-archive)
zephyr/arch/arch/arm/core/aarch32/libarch__arm__core__aarch32.a(irq_manage.c.obj)
                              (--whole-archive)
zephyr/arch/arch/arm/core/aarch32/libarch__arm__core__aarch32.a(nmi.c.obj)
                              (--whole-archive)
zephyr/arch/arch/arm/core/aarch32/libarch__arm__core__aarch32.a(nmi_on_reset.S.obj)
                              (--whole-archive)
zephyr/arch/arch/arm/core/aarch32/libarch__arm__core__aarch32.a(prep_c.c.obj)
                              (--whole-archive)
zephyr/arch/arch/arm/core/aarch32/libarch__arm__core__aarch32.a(swap.c.obj)
                              (--whole-archive)
zephyr/arch/arch/arm/core/aarch32/libarch__arm__core__aarch32.a(swap_helper.S.obj)
                              (--whole-archive)
zephyr/arch/arch/arm/core/aarch32/libarch__arm__core__aarch32.a(thread.c.obj)
                              (--whole-archive)
zephyr/arch/arch/arm/core/aarch32/libarch__arm__core__aarch32.a(isr_wrapper.S.obj)
                              (--whole-archive)
zephyr/arch/arch/arm/core/aarch32/cortex_m/libarch__arm__core__aarch32__cortex_m.a(exc_exit.S.obj)
                              (--whole-archive)
zephyr/arch/arch/arm/core/aarch32/cortex_m/libarch__arm__core__aarch32__cortex_m.a(fault.c.obj)
                              (--whole-archive)
zephyr/arch/arch/arm/core/aarch32/cortex_m/libarch__arm__core__aarch32__cortex_m.a(fault_s.S.obj)
                              (--whole-archive)
zephyr/arch/arch/arm/core/aarch32/cortex_m/libarch__arm__core__aarch32__cortex_m.a(fpu.c.obj)
                              (--whole-archive)
[...]
Memory Configuration

Name             Origin             Length             Attributes
FLASH            0x0000000000000000 0x0000000000100000 xr
SRAM             0x0000000020000000 0x0000000000040000 xw
IDT_LIST         0x00000000fffff7ff 0x0000000000000800 xw
*default*        0x0000000000000000 0xffffffffffffffff

Linker script and memory map

LOAD zephyr/CMakeFiles/zephyr_final.dir/misc/empty_file.c.obj
LOAD zephyr/CMakeFiles/zephyr_final.dir/dev_handles.c.obj
LOAD zephyr/CMakeFiles/zephyr_final.dir/isr_tables.c.obj
                0x0000000000000020                _region_min_align = 0x20

.rel.plt        0x0000000000000000        0x0
 *(SORT_BY_ALIGNMENT(.rel.plt))
                [!provide]                        PROVIDE (__rel_iplt_start = .)
 *(SORT_BY_ALIGNMENT(.rel.iplt))
 .rel.iplt      0x0000000000000000        0x0 zephyr/CMakeFiles/zephyr_final.dir/isr_tables.c.obj
                [!provide]                        PROVIDE (__rel_iplt_end = .)

.rela.plt       0x0000000000000000        0x0
 *(SORT_BY_ALIGNMENT(.rela.plt))
                [!provide]                        PROVIDE (__rela_iplt_start = .)
 *(SORT_BY_ALIGNMENT(.rela.iplt))
                [!provide]                        PROVIDE (__rela_iplt_end = .)

.rel.dyn
 *(SORT_BY_ALIGNMENT(.rel.*))

.rela.dyn
 *(SORT_BY_ALIGNMENT(.rela.*))

/DISCARD/
 *(SORT_BY_ALIGNMENT(.plt))
 *(SORT_BY_ALIGNMENT(.iplt))
 *(SORT_BY_ALIGNMENT(.got.plt))
 *(SORT_BY_ALIGNMENT(.igot.plt))
 *(SORT_BY_ALIGNMENT(.got))
 *(SORT_BY_ALIGNMENT(.igot))
 *(SORT_BY_ALIGNMENT(.irq_info*))
 *(SORT_BY_ALIGNMENT(.intList*))
 *(SORT_BY_ALIGNMENT(.note.GNU-stack))
                0x0000000000000000                __rom_region_start = 0x0

rom_start       0x0000000000000000      0x100
                0x0000000000000000                . = 0x0
                0x0000000000000000                . = ALIGN (0x4)
                0x0000000000000000                . = ALIGN (0x80)
                0x0000000000000000                . = ALIGN (0x100)
                0x0000000000000000                _vector_start = .
 *(SORT_BY_ALIGNMENT(.exc_vector_table))
 *(SORT_BY_ALIGNMENT(.exc_vector_table.*))
 .exc_vector_table._vector_table_section
                0x0000000000000000       0x40 zephyr/arch/arch/arm/core/aarch32/cortex_m/libarch__arm__core__aarch32__cortex_m.a(vector_table.S.obj)
                0x0000000000000000                _vector_table
 *(SORT_BY_ALIGNMENT(.gnu.linkonce.irq_vector_table*))
 .gnu.linkonce.irq_vector_table
                0x0000000000000040       0xc0 zephyr/CMakeFiles/zephyr_final.dir/isr_tables.c.obj
                0x0000000000000040                _irq_vector_table
 *(SORT_BY_ALIGNMENT(.vectors))
                0x0000000000000100                _vector_end = .

text            0x0000000000000100     0xa05c
                0x0000000000000100                __text_region_start = .
 *(SORT_BY_ALIGNMENT(.text))
 .text          0x0000000000000100       0x30 c:/ncs/toolchains/v2.0.0/opt/zephyr-sdk/arm-zephyr-eabi/bin/../lib/gcc/arm-zephyr-eabi/10.3.0/thumb/v7e-m/nofp\libgcc.a(_aeabi_uldivmod.o)
                0x0000000000000100                __aeabi_uldivmod
 .text          0x0000000000000130        0x4 c:/ncs/toolchains/v2.0.0/opt/zephyr-sdk/arm-zephyr-eabi/bin/../lib/gcc/arm-zephyr-eabi/10.3.0/thumb/v7e-m/nofp\libgcc.a(_dvmd_tls.o)
                0x0000000000000130                __aeabi_idiv0
                0x0000000000000130                __aeabi_ldiv0
 .text          0x0000000000000134      0x2a6 c:/ncs/toolchains/v2.0.0/opt/zephyr-sdk/arm-zephyr-eabi/bin/../lib/gcc/arm-zephyr-eabi/10.3.0/thumb/v7e-m/nofp\libgcc.a(_udivmoddi4.o)
                0x0000000000000134                __udivmoddi4
 *(SORT_BY_ALIGNMENT(.text.*))
 *fill*         0x00000000000003da        0x2 
 .text.z_impl_gpio_pin_configure
                0x00000000000003dc      0x1c4 app/libapp.a(main.c.obj)
 .text.uart_out
                0x00000000000005a0       0x2c app/libapp.a(main.c.obj)
                0x00000000000005a0                uart_out
 .text.blink    0x00000000000005cc      0x184 app/libapp.a(main.c.obj)
                0x00000000000005cc                blink
 .text.blink0   0x0000000000000750       0x14 app/libapp.a(main.c.obj)
                0x0000000000000750                blink0
 .text.blink1   0x0000000000000764       0x14 app/libapp.a(main.c.obj)
                0x0000000000000764                blink1
 .text.blink2   0x0000000000000778       0x14 app/libapp.a(main.c.obj)
                0x0000000000000778                blink2
 .text.blink3   0x000000000000078c       0x14 app/libapp.a(main.c.obj)
                0x000000000000078c                blink3
 .text.sys_notify_finalize
                0x00000000000007a0       0x48 zephyr/libzephyr.a(notify.c.obj)
                0x00000000000007a0                sys_notify_finalize
 .text.char_out
                0x00000000000007e8       0x14 zephyr/libzephyr.a(printk.c.obj)
 .text.__printk_hook_install
                0x00000000000007fc        0xc zephyr/libzephyr.a(printk.c.obj)
                0x00000000000007fc                __printk_hook_install
 .text.vprintk  0x0000000000000808       0x20 zephyr/libzephyr.a(printk.c.obj)
                0x0000000000000808                vprintk
 .text.process_complete
                0x0000000000000828       0xe8 zephyr/libzephyr.a(onoff.c.obj)
 .text.process_event
                0x0000000000000910      0x3d4 zephyr/libzephyr.a(onoff.c.obj)
 .text.transition_complete
                0x0000000000000ce4       0x6c zephyr/libzephyr.a(onoff.c.obj)
 .text.onoff_request
                0x0000000000000d50      0x17c zephyr/libzephyr.a(onoff.c.obj)
                0x0000000000000d50                onoff_request
 .text.sys_heap_free
                0x0000000000000ecc       0xac zephyr/libzephyr.a(heap.c.obj)
                0x0000000000000ecc                sys_heap_free
 .text.sys_heap_aligned_alloc
                0x0000000000000f78      0x11c zephyr/libzephyr.a(heap.c.obj)
                0x0000000000000f78                sys_heap_aligned_alloc
 .text.sys_heap_init
                0x0000000000001094      0x158 zephyr/libzephyr.a(heap.c.obj)
                0x0000000000001094                sys_heap_init
 .text.extract_conversion
                0x00000000000011ec      0x314 zephyr/libzephyr.a(cbprintf_complete.c.obj)
 .text.cbvprintf
                0x0000000000001500      0x5d0 zephyr/libzephyr.a(cbprintf_complete.c.obj)
                0x0000000000001500                cbvprintf
 .text.sys_reboot
                0x0000000000001ad0       0x28 zephyr/libzephyr.a(reboot.c.obj)
                0x0000000000001ad0                sys_reboot
 .text.pm_system_resume
                0x0000000000001af8      0x134 zephyr/libzephyr.a(pm.c.obj)
                0x0000000000001af8                pm_system_resume
 .text.pm_system_suspend
                0x0000000000001c2c      0x1f8 zephyr/libzephyr.a(pm.c.obj)
                0x0000000000001c2c                pm_system_suspend
 .text.pm_policy_state_lock_is_active
                0x0000000000001e24       0x1c zephyr/libzephyr.a(policy.c.obj)
                0x0000000000001e24                pm_policy_state_lock_is_active
 .text.pm_policy_next_state
                0x0000000000001e40       0x94 zephyr/libzephyr.a(policy.c.obj)
                0x0000000000001e40                pm_policy_next_state
 .text.pm_state_cpu_get_all
                0x0000000000001ed4       0x10 zephyr/libzephyr.a(state.c.obj)
                0x0000000000001ed4                pm_state_cpu_get_all
 .text.nrf_cc3xx_platform_abort_init
                0x0000000000001ee4       0x10 zephyr/libzephyr.a(nrf_cc3xx_platform_abort_zephyr.c.obj)
                0x0000000000001ee4                nrf_cc3xx_platform_abort_init
 .text.mutex_unlock_platform
                0x0000000000001ef4       0x50 zephyr/libzephyr.a(nrf_cc3xx_platform_mutex_zephyr.c.obj)
 .text.mutex_lock_platform
                0x0000000000001f44       0x5c zephyr/libzephyr.a(nrf_cc3xx_platform_mutex_zephyr.c.obj)
 .text.mutex_free_platform
                0x0000000000001fa0       0x4c zephyr/libzephyr.a(nrf_cc3xx_platform_mutex_zephyr.c.obj)
 .text.mutex_init_platform
                0x0000000000001fec       0x74 zephyr/libzephyr.a(nrf_cc3xx_platform_mutex_zephyr.c.obj)
 .text.nrf_cc3xx_platform_mutex_init
                0x0000000000002060       0x28 zephyr/libzephyr.a(nrf_cc3xx_platform_mutex_zephyr.c.obj)
                0x0000000000002060                nrf_cc3xx_platform_mutex_init
 .text.z_arm_cpu_idle_init
                0x0000000000002088        0xc zephyr/arch/arch/arm/core/aarch32/libarch__arm__core__aarch32.a(cpu_idle.S.obj)
                0x0000000000002088                z_arm_cpu_idle_init
 .text.arch_cpu_idle
                0x0000000000002094       0x1c zephyr/arch/arch/arm/core/aarch32/libarch__arm__core__aarch32.a(cpu_idle.S.obj)
                0x0000000000002094                arch_cpu_idle
 .text.arch_cpu_atomic_idle
                0x00000000000020b0       0x14 zephyr/arch/arch/arm/core/aarch32/libarch__arm__core__aarch32.a(cpu_idle.S.obj)
                0x00000000000020b0                arch_cpu_atomic_idle
 .text.arch_irq_enable
                0x00000000000020c4       0x1c zephyr/arch/arch/arm/core/aarch32/libarch__arm__core__aarch32.a(irq_manage.c.obj)
                0x00000000000020c4                arch_irq_enable
 .text.arch_irq_is_enabled
                0x00000000000020e0       0x1c zephyr/arch/arch/arm/core/aarch32/libarch__arm__core__aarch32.a(irq_manage.c.obj)
                0x00000000000020e0                arch_irq_is_enabled
 .text.z_arm_irq_priority_set
                0x00000000000020fc       0x6c zephyr/arch/arch/arm/core/aarch32/libarch__arm__core__aarch32.a(irq_manage.c.obj)
                0x00000000000020fc                z_arm_irq_priority_set
 .text.z_SysNmiOnReset
                0x0000000000002168        0x8 zephyr/arch/arch/arm/core/aarch32/libarch__arm__core__aarch32.a(nmi_on_reset.S.obj)
                0x0000000000002168                z_SysNmiOnReset
 .text.z_arm_prep_c
                0x0000000000002170       0x38 zephyr/arch/arch/arm/core/aarch32/libarch__arm__core__aarch32.a(prep_c.c.obj)
                0x0000000000002170                z_arm_prep_c
 .text.arch_swap
                0x00000000000021a8       0x38 zephyr/arch/arch/arm/core/aarch32/libarch__arm__core__aarch32.a(swap.c.obj)
                0x00000000000021a8                arch_swap
 .text.z_arm_pendsv
                0x00000000000021e0       0x58 zephyr/arch/arch/arm/core/aarch32/libarch__arm__core__aarch32.a(swap_helper.S.obj)
                0x00000000000021e0                z_arm_pendsv
 .text.z_arm_svc
                0x0000000000002238       0x20 zephyr/arch/arch/arm/core/aarch32/libarch__arm__core__aarch32.a(swap_helper.S.obj)
                0x0000000000002238                z_arm_svc
 .text.arch_new_thread
                0x0000000000002258       0x44 zephyr/arch/arch/arm/core/aarch32/libarch__arm__core__aarch32.a(thread.c.obj)
                0x0000000000002258                arch_new_thread
 .text.z_check_thread_stack_fail
                0x000000000000229c       0x50 zephyr/arch/arch/arm/core/aarch32/libarch__arm__core__aarch32.a(thread.c.obj)
                0x000000000000229c                z_check_thread_stack_fail
 .text.arch_switch_to_main_thread
                0x00000000000022ec       0x2c zephyr/arch/arch/arm/core/aarch32/libarch__arm__core__aarch32.a(thread.c.obj)
                0x00000000000022ec                arch_switch_to_main_thread
 .text._isr_wrapper
                0x0000000000002318       0x40 zephyr/arch/arch/arm/core/aarch32/libarch__arm__core__aarch32.a(isr_wrapper.S.obj)
                0x0000000000002318                _isr_wrapper
 .text._HandlerModeExit
                0x0000000000002358       0x1c zephyr/arch/arch/arm/core/aarch32/cortex_m/libarch__arm__core__aarch32__cortex_m.a(exc_exit.S.obj)
                0x0000000000002358                z_arm_int_exit
                0x0000000000002358                z_arm_exc_exit
 .text.bus_fault
                0x0000000000002374       0x54 zephyr/arch/arch/arm/core/aarch32/cortex_m/libarch__arm__core__aarch32__cortex_m.a(fault.c.obj)
 .text.usage_fault
                0x00000000000023c8       0x24 zephyr/arch/arch/arm/core/aarch32/cortex_m/libarch__arm__core__aarch32__cortex_m.a(fault.c.obj)
 .text.mem_manage_fault
                0x00000000000023ec       0xdc zephyr/arch/arch/arm/core/aarch32/cortex_m/libarch__arm__core__aarch32__cortex_m.a(fault.c.obj)
 .text.hard_fault
                0x00000000000024c8       0xd0 zephyr/arch/arch/arm/core/aarch32/cortex_m/libarch__arm__core__aarch32__cortex_m.a(fault.c.obj)
 .text.z_arm_fault
                0x0000000000002598       0xc8 zephyr/arch/arch/arm/core/aarch32/cortex_m/libarch__arm__core__aarch32__cortex_m.a(fault.c.obj)
                0x0000000000002598                z_arm_fault
 .text.z_arm_fault_init
                0x0000000000002660       0x10 zephyr/arch/arch/arm/core/aarch32/cortex_m/libarch__arm__core__aarch32__cortex_m.a(fault.c.obj)
                0x0000000000002660                z_arm_fault_init
 .text.__fault  0x0000000000002670       0x14 zephyr/arch/arch/arm/core/aarch32/cortex_m/libarch__arm__core__aarch32__cortex_m.a(fault_s.S.obj)
                0x0000000000002670                z_arm_usage_fault
                0x0000000000002670                z_arm_mpu_fault
                0x0000000000002670                z_arm_exc_spurious
                0x0000000000002670                z_arm_debug_monitor
                0x0000000000002670                z_arm_hard_fault
                0x0000000000002670                z_arm_bus_fault
 .text.z_arm_interrupt_init
                0x0000000000002684       0x34 zephyr/arch/arch/arm/core/aarch32/cortex_m/libarch__arm__core__aarch32__cortex_m.a(irq_init.c.obj)
                0x0000000000002684                z_arm_interrupt_init
 .text._reset_section
                0x00000000000026b8       0x54 zephyr/arch/arch/arm/core/aarch32/cortex_m/libarch__arm__core__aarch32__cortex_m.a(reset.S.obj)
                0x00000000000026b8                __start
                0x00000000000026b8                z_arm_reset
 .text.z_arm_clear_arm_mpu_config
                0x000000000000270c       0x28 zephyr/arch/arch/arm/core/aarch32/cortex_m/libarch__arm__core__aarch32__cortex_m.a(scb.c.obj)
                0x000000000000270c                z_arm_clear_arm_mpu_config
 .text.z_arm_init_arch_hw_at_boot
                0x0000000000002734       0x54 zephyr/arch/arch/arm/core/aarch32/cortex_m/libarch__arm__core__aarch32__cortex_m.a(scb.c.obj)
                0x0000000000002734                z_arm_init_arch_hw_at_boot
 .text.z_impl_k_thread_abort
                0x0000000000002788       0x34 zephyr/arch/arch/arm/core/aarch32/cortex_m/libarch__arm__core__aarch32__cortex_m.a(thread_abort.c.obj)
                0x0000000000002788                z_impl_k_thread_abort
 .text.z_arm_configure_static_mpu_regions
                0x00000000000027bc       0x1c zephyr/arch/arch/arm/core/aarch32/mpu/libarch__arm__core__aarch32__mpu.a(arm_core_mpu.c.obj)
                0x00000000000027bc                z_arm_configure_static_mpu_regions
 .text.z_arm_configure_dynamic_mpu_regions
                0x00000000000027d8       0x24 zephyr/arch/arch/arm/core/aarch32/mpu/libarch__arm__core__aarch32__mpu.a(arm_core_mpu.c.obj)
                0x00000000000027d8                z_arm_configure_dynamic_mpu_regions
 .text.region_init
                0x00000000000027fc       0x28 zephyr/arch/arch/arm/core/aarch32/mpu/libarch__arm__core__aarch32__mpu.a(arm_mpu.c.obj)
 .text.mpu_configure_static_mpu_regions
                0x0000000000002824       0x14 zephyr/arch/arch/arm/core/aarch32/mpu/libarch__arm__core__aarch32__mpu.a(arm_mpu.c.obj)
 .text.mpu_configure_dynamic_mpu_regions
                0x0000000000002838       0x34 zephyr/arch/arch/arm/core/aarch32/mpu/libarch__arm__core__aarch32__mpu.a(arm_mpu.c.obj)
 .text.arm_core_mpu_enable
                0x000000000000286c       0x18 zephyr/arch/arch/arm/core/aarch32/mpu/libarch__arm__core__aarch32__mpu.a(arm_mpu.c.obj)
                0x000000000000286c                arm_core_mpu_enable
 .text.arm_core_mpu_disable
                0x0000000000002884       0x14 zephyr/arch/arch/arm/core/aarch32/mpu/libarch__arm__core__aarch32__mpu.a(arm_mpu.c.obj)
                0x0000000000002884                arm_core_mpu_disable
 .text.arm_core_mpu_configure_static_mpu_regions
                0x0000000000002898       0x44 zephyr/arch/arch/arm/core/aarch32/mpu/libarch__arm__core__aarch32__mpu.a(arm_mpu.c.obj)
                0x0000000000002898                arm_core_mpu_configure_static_mpu_regions
 .text.arm_core_mpu_configure_dynamic_mpu_regions
                0x00000000000028dc       0x44 zephyr/arch/arch/arm/core/aarch32/mpu/libarch__arm__core__aarch32__mpu.a(arm_mpu.c.obj)
                0x00000000000028dc                arm_core_mpu_configure_dynamic_mpu_regions
 .text.z_arm_mpu_init
                0x0000000000002920       0xb8 zephyr/arch/arch/arm/core/aarch32/mpu/libarch__arm__core__aarch32__mpu.a(arm_mpu.c.obj)
                0x0000000000002920                z_arm_mpu_init
 .text.__stdout_hook_install
                0x00000000000029d8        0xc zephyr/lib/libc/minimal/liblib__libc__minimal.a(stdout_console.c.obj)
                0x00000000000029d8                __stdout_hook_install
 .text.nordicsemi_nrf52_init
                0x00000000000029e4       0x4c zephyr/soc/arm/nordic_nrf/nrf52/libsoc__arm__nordic_nrf__nrf52.a(soc.c.obj)
 .text.sys_arch_reboot
                0x0000000000002a30       0x2c zephyr/soc/arm/nordic_nrf/nrf52/libsoc__arm__nordic_nrf__nrf52.a(soc.c.obj)
                0x0000000000002a30                sys_arch_reboot
 .text.arch_busy_wait
                0x0000000000002a5c       0x18 zephyr/soc/arm/nordic_nrf/nrf52/libsoc__arm__nordic_nrf__nrf52.a(soc.c.obj)
                0x0000000000002a5c                arch_busy_wait
 .text.get_hf_flags
                0x0000000000002a74        0x8 zephyr/drivers/clock_control/libdrivers__clock_control.a(clock_control_nrf.c.obj)
 .text.get_subsys
                0x0000000000002a7c        0xc zephyr/drivers/clock_control/libdrivers__clock_control.a(clock_control_nrf.c.obj)
 .text.onoff_start
                0x0000000000002a88       0x34 zephyr/drivers/clock_control/libdrivers__clock_control.a(clock_control_nrf.c.obj)
 .text.generic_hfclk_stop
                0x0000000000002abc       0x30 zephyr/drivers/clock_control/libdrivers__clock_control.a(clock_control_nrf.c.obj)
 .text.get_status
                0x0000000000002aec       0x40 zephyr/drivers/clock_control/libdrivers__clock_control.a(clock_control_nrf.c.obj)
 .text.stop     0x0000000000002b2c       0x60 zephyr/drivers/clock_control/libdrivers__clock_control.a(clock_control_nrf.c.obj)
 .text.onoff_stop
                0x0000000000002b8c       0x20 zephyr/drivers/clock_control/libdrivers__clock_control.a(clock_control_nrf.c.obj)
 .text.clock_event_handler
                0x0000000000002bac       0x78 zephyr/drivers/clock_control/libdrivers__clock_control.a(clock_control_nrf.c.obj)
 .text.api_blocking_start
                0x0000000000002c24       0x38 zephyr/drivers/clock_control/libdrivers__clock_control.a(clock_control_nrf.c.obj)
 .text.clk_init
                0x0000000000002c5c       0x60 zephyr/drivers/clock_control/libdrivers__clock_control.a(clock_control_nrf.c.obj)
 .text.lfclk_spinwait
                0x0000000000002cbc       0xe4 zephyr/drivers/clock_control/libdrivers__clock_control.a(clock_control_nrf.c.obj)
 .text.generic_hfclk_start
                0x0000000000002da0       0x68 zephyr/drivers/clock_control/libdrivers__clock_control.a(clock_control_nrf.c.obj)
 .text.z_nrf_clock_control_lf_on
                0x0000000000002e08       0xa0 zephyr/drivers/clock_control/libdrivers__clock_control.a(clock_control_nrf.c.obj)
                0x0000000000002e08                z_nrf_clock_control_lf_on
 .text.console_out
                0x0000000000002ea8       0x2c zephyr/drivers/console/libdrivers__console.a(uart_console.c.obj)
 .text.uart_console_hook_install
                0x0000000000002ed4       0x18 zephyr/drivers/console/libdrivers__console.a(uart_console.c.obj)
 .text.uart_console_init
                0x0000000000002eec       0x24 zephyr/drivers/console/libdrivers__console.a(uart_console.c.obj)
 .text.get_dev  0x0000000000002f10       0x1c zephyr/drivers/gpio/libdrivers__gpio.a(gpio_nrfx.c.obj)
 .text.gpio_nrfx_manage_callback
                0x0000000000002f2c       0xcc zephyr/drivers/gpio/libdrivers__gpio.a(gpio_nrfx.c.obj)
 .text.nrfx_gpio_handler
                0x0000000000002ff8       0x88 zephyr/drivers/gpio/libdrivers__gpio.a(gpio_nrfx.c.obj)
 .text.gpio_nrfx_pin_interrupt_configure
                0x0000000000003080      0x134 zephyr/drivers/gpio/libdrivers__gpio.a(gpio_nrfx.c.obj)
 .text.pin_uninit
                0x00000000000031b4       0x48 zephyr/drivers/gpio/libdrivers__gpio.a(gpio_nrfx.c.obj)
 .text.gpio_nrfx_pin_configure
                0x00000000000031fc      0x104 zephyr/drivers/gpio/libdrivers__gpio.a(gpio_nrfx.c.obj)
 .text.gpio_nrfx_init
                0x0000000000003300       0x3c zephyr/drivers/gpio/libdrivers__gpio.a(gpio_nrfx.c.obj)
 .text.baudrate_set
                0x000000000000333c      0x150 zephyr/drivers/serial/libdrivers__serial.a(uart_nrfx_uarte.c.obj)
 .text.uarte_nrfx_poll_out
                0x000000000000348c       0x70 zephyr/drivers/serial/libdrivers__serial.a(uart_nrfx_uarte.c.obj)
 .text.endtx_stoptx_ppi_init
                0x00000000000034fc       0x48 zephyr/drivers/serial/libdrivers__serial.a(uart_nrfx_uarte.c.obj)
 .text.set_comparator
                0x0000000000003544       0x14 zephyr/drivers/timer/libdrivers__timer.a(nrf_rtc_timer.c.obj)
 .text.get_comparator
                0x0000000000003558       0x10 zephyr/drivers/timer/libdrivers__timer.a(nrf_rtc_timer.c.obj)
 .text.event_enable
                0x0000000000003568       0x14 zephyr/drivers/timer/libdrivers__timer.a(nrf_rtc_timer.c.obj)
 .text.event_disable
                0x000000000000357c       0x14 zephyr/drivers/timer/libdrivers__timer.a(nrf_rtc_timer.c.obj)
 .text.counter  0x0000000000003590        0xc zephyr/drivers/timer/libdrivers__timer.a(nrf_rtc_timer.c.obj)
 .text.compare_int_lock
                0x000000000000359c       0x50 zephyr/drivers/timer/libdrivers__timer.a(nrf_rtc_timer.c.obj)
 .text.channel_processing_check_and_clear
                0x00000000000035ec       0x78 zephyr/drivers/timer/libdrivers__timer.a(nrf_rtc_timer.c.obj)
 .text.compare_int_unlock
                0x0000000000003664       0x60 zephyr/drivers/timer/libdrivers__timer.a(nrf_rtc_timer.c.obj)
 .text.sys_clock_timeout_handler
                0x00000000000036c4       0x78 zephyr/drivers/timer/libdrivers__timer.a(nrf_rtc_timer.c.obj)
 .text.z_nrf_rtc_timer_read
                0x000000000000373c       0x40 zephyr/drivers/timer/libdrivers__timer.a(nrf_rtc_timer.c.obj)
                0x000000000000373c                z_nrf_rtc_timer_read
 .text.compare_set_nolocks
                0x000000000000377c       0xa0 zephyr/drivers/timer/libdrivers__timer.a(nrf_rtc_timer.c.obj)
 .text.sys_clock_driver_init
                0x000000000000381c       0x94 zephyr/drivers/timer/libdrivers__timer.a(nrf_rtc_timer.c.obj)
 .text.process_channel
                0x00000000000038b0       0x74 zephyr/drivers/timer/libdrivers__timer.a(nrf_rtc_timer.c.obj)
 .text.rtc_nrf_isr
                0x0000000000003924       0x44 zephyr/drivers/timer/libdrivers__timer.a(nrf_rtc_timer.c.obj)
                0x0000000000003924                rtc_nrf_isr
 .text.sys_clock_set_timeout
                0x0000000000003968       0x64 zephyr/drivers/timer/libdrivers__timer.a(nrf_rtc_timer.c.obj)
                0x0000000000003968                sys_clock_set_timeout
 .text.sys_clock_elapsed
                0x00000000000039cc       0x14 zephyr/drivers/timer/libdrivers__timer.a(nrf_rtc_timer.c.obj)
                0x00000000000039cc                sys_clock_elapsed
 .text.nrf_pin_configure
                0x00000000000039e0       0xc0 zephyr/drivers/pinctrl/libdrivers__pinctrl.a(pinctrl_nrf.c.obj)
 .text.pinctrl_configure_pins
                0x0000000000003aa0      0x910 zephyr/drivers/pinctrl/libdrivers__pinctrl.a(pinctrl_nrf.c.obj)
                0x0000000000003aa0                pinctrl_configure_pins
 .text.nvmc_wait
                0x00000000000043b0       0x10 modules/hal_nordic/nrfx/libmodules__hal_nordic__nrfx.a(system_nrf52840.c.obj)
                0x00000000000043b0                nvmc_wait
 .text.nvmc_config
                0x00000000000043c0       0x14 modules/hal_nordic/nrfx/libmodules__hal_nordic__nrfx.a(system_nrf52840.c.obj)
                0x00000000000043c0                nvmc_config
 .text.SystemCoreClockUpdate
                0x00000000000043d4       0x10 modules/hal_nordic/nrfx/libmodules__hal_nordic__nrfx.a(system_nrf52840.c.obj)
                0x00000000000043d4                SystemCoreClockUpdate
 .text.SystemInit
                0x00000000000043e4      0x1ac modules/hal_nordic/nrfx/libmodules__hal_nordic__nrfx.a(system_nrf52840.c.obj)
                0x00000000000043e4                SystemInit
 .text.nrfx_flag32_alloc
                0x0000000000004590       0x50 modules/hal_nordic/nrfx/libmodules__hal_nordic__nrfx.a(nrfx_flag32_allocator.c.obj)
                0x0000000000004590                nrfx_flag32_alloc
 .text.nrfx_flag32_free
                0x00000000000045e0       0x44 modules/hal_nordic/nrfx/libmodules__hal_nordic__nrfx.a(nrfx_flag32_allocator.c.obj)
                0x00000000000045e0                nrfx_flag32_free
 .text.clock_stop
                0x0000000000004624      0x118 modules/hal_nordic/nrfx/libmodules__hal_nordic__nrfx.a(nrfx_clock.c.obj)
 .text.nrfx_clock_init
                0x000000000000473c       0x54 modules/hal_nordic/nrfx/libmodules__hal_nordic__nrfx.a(nrfx_clock.c.obj)
                0x000000000000473c                nrfx_clock_init
 .text.nrfx_clock_enable
                0x0000000000004790       0x50 modules/hal_nordic/nrfx/libmodules__hal_nordic__nrfx.a(nrfx_clock.c.obj)
                0x0000000000004790                nrfx_clock_enable
 .text.nrfx_clock_start
                0x00000000000047e0       0xec modules/hal_nordic/nrfx/libmodules__hal_nordic__nrfx.a(nrfx_clock.c.obj)
                0x00000000000047e0                nrfx_clock_start
 .text.nrfx_clock_stop
                0x00000000000048cc       0x40 modules/hal_nordic/nrfx/libmodules__hal_nordic__nrfx.a(nrfx_clock.c.obj)
                0x00000000000048cc                nrfx_clock_stop
 .text.nrfx_power_clock_irq_handler
                0x000000000000490c       0x7c modules/hal_nordic/nrfx/libmodules__hal_nordic__nrfx.a(nrfx_clock.c.obj)
                0x000000000000490c                nrfx_power_clock_irq_handler
 .text.pin_in_use
                0x0000000000004988       0x14 modules/hal_nordic/nrfx/libmodules__hal_nordic__nrfx.a(nrfx_gpiote.c.obj)
 .text.pin_in_use_by_te
                0x000000000000499c       0x14 modules/hal_nordic/nrfx/libmodules__hal_nordic__nrfx.a(nrfx_gpiote.c.obj)
 .text.pin_has_trigger
                0x00000000000049b0       0x18 modules/hal_nordic/nrfx/libmodules__hal_nordic__nrfx.a(nrfx_gpiote.c.obj)
 .text.pin_is_output
                0x00000000000049c8       0x14 modules/hal_nordic/nrfx/libmodules__hal_nordic__nrfx.a(nrfx_gpiote.c.obj)
 .text.pin_te_get
                0x00000000000049dc       0x10 modules/hal_nordic/nrfx/libmodules__hal_nordic__nrfx.a(nrfx_gpiote.c.obj)
 .text.handler_in_use
                0x00000000000049ec       0x34 modules/hal_nordic/nrfx/libmodules__hal_nordic__nrfx.a(nrfx_gpiote.c.obj)
 .text.find_handler
                0x0000000000004a20       0x2c modules/hal_nordic/nrfx/libmodules__hal_nordic__nrfx.a(nrfx_gpiote.c.obj)
 .text.channel_handler_get
                0x0000000000004a4c       0x20 modules/hal_nordic/nrfx/libmodules__hal_nordic__nrfx.a(nrfx_gpiote.c.obj)
 .text.call_handler
                0x0000000000004a6c       0x2c modules/hal_nordic/nrfx/libmodules__hal_nordic__nrfx.a(nrfx_gpiote.c.obj)
 .text.release_handler
                0x0000000000004a98       0x74 modules/hal_nordic/nrfx/libmodules__hal_nordic__nrfx.a(nrfx_gpiote.c.obj)
 .text.pin_handler_trigger_uninit
                0x0000000000004b0c       0x38 modules/hal_nordic/nrfx/libmodules__hal_nordic__nrfx.a(nrfx_gpiote.c.obj)
 .text.pin_handler_set
                0x0000000000004b44       0x6c modules/hal_nordic/nrfx/libmodules__hal_nordic__nrfx.a(nrfx_gpiote.c.obj)
 .text.gpiote_evt_handle
                0x0000000000004bb0       0x44 modules/hal_nordic/nrfx/libmodules__hal_nordic__nrfx.a(nrfx_gpiote.c.obj)
 .text.latch_pending_read_and_check
                0x0000000000004bf4       0x50 modules/hal_nordic/nrfx/libmodules__hal_nordic__nrfx.a(nrfx_gpiote.c.obj)
 .text.next_sense_cond_call_handler
                0x0000000000004c44      0x284 modules/hal_nordic/nrfx/libmodules__hal_nordic__nrfx.a(nrfx_gpiote.c.obj)
 .text.port_event_handle
                0x0000000000004ec8      0x1bc modules/hal_nordic/nrfx/libmodules__hal_nordic__nrfx.a(nrfx_gpiote.c.obj)
 .text.nrfx_gpiote_input_configure
                0x0000000000005084      0x1e8 modules/hal_nordic/nrfx/libmodules__hal_nordic__nrfx.a(nrfx_gpiote.c.obj)
                0x0000000000005084                nrfx_gpiote_input_configure
 .text.nrfx_gpiote_output_configure
                0x000000000000526c      0x1f4 modules/hal_nordic/nrfx/libmodules__hal_nordic__nrfx.a(nrfx_gpiote.c.obj)
                0x000000000000526c                nrfx_gpiote_output_configure
 .text.nrfx_gpiote_global_callback_set
                0x0000000000005460        0xc modules/hal_nordic/nrfx/libmodules__hal_nordic__nrfx.a(nrfx_gpiote.c.obj)
                0x0000000000005460                nrfx_gpiote_global_callback_set
 .text.nrfx_gpiote_channel_get
                0x000000000000546c       0x58 modules/hal_nordic/nrfx/libmodules__hal_nordic__nrfx.a(nrfx_gpiote.c.obj)
                0x000000000000546c                nrfx_gpiote_channel_get
 .text.nrfx_gpiote_init
                0x00000000000054c4       0x54 modules/hal_nordic/nrfx/libmodules__hal_nordic__nrfx.a(nrfx_gpiote.c.obj)
                0x00000000000054c4                nrfx_gpiote_init
 .text.nrfx_gpiote_is_init
                0x0000000000005518       0x14 modules/hal_nordic/nrfx/libmodules__hal_nordic__nrfx.a(nrfx_gpiote.c.obj)
                0x0000000000005518                nrfx_gpiote_is_init
 .text.nrfx_gpiote_channel_free
                0x000000000000552c       0x10 modules/hal_nordic/nrfx/libmodules__hal_nordic__nrfx.a(nrfx_gpiote.c.obj)
                0x000000000000552c                nrfx_gpiote_channel_free
 .text.nrfx_gpiote_channel_alloc
                0x000000000000553c       0x10 modules/hal_nordic/nrfx/libmodules__hal_nordic__nrfx.a(nrfx_gpiote.c.obj)
                0x000000000000553c                nrfx_gpiote_channel_alloc
 .text.nrfx_gpiote_trigger_enable
                0x000000000000554c      0x218 modules/hal_nordic/nrfx/libmodules__hal_nordic__nrfx.a(nrfx_gpiote.c.obj)
                0x000000000000554c                nrfx_gpiote_trigger_enable
 .text.nrfx_gpiote_trigger_disable
                0x0000000000005764       0xd0 modules/hal_nordic/nrfx/libmodules__hal_nordic__nrfx.a(nrfx_gpiote.c.obj)
                0x0000000000005764                nrfx_gpiote_trigger_disable
 .text.nrfx_gpiote_pin_uninit
                0x0000000000005834       0xb8 modules/hal_nordic/nrfx/libmodules__hal_nordic__nrfx.a(nrfx_gpiote.c.obj)
                0x0000000000005834                nrfx_gpiote_pin_uninit
 .text.nrfx_gpiote_irq_handler
                0x00000000000058ec       0x60 modules/hal_nordic/nrfx/libmodules__hal_nordic__nrfx.a(nrfx_gpiote.c.obj)
                0x00000000000058ec                nrfx_gpiote_irq_handler
 .text.nrfx_ppi_channel_alloc
                0x000000000000594c       0x10 modules/hal_nordic/nrfx/libmodules__hal_nordic__nrfx.a(nrfx_ppi.c.obj)
                0x000000000000594c                nrfx_ppi_channel_alloc
 .text._DoInit  0x000000000000595c       0x6c modules/segger/libmodules__segger.a(SEGGER_RTT.c.obj)
 .text.z_device_state_init
                0x00000000000059c8       0x18 zephyr/kernel/libkernel.a(device.c.obj)
                0x00000000000059c8                z_device_state_init
 .text.z_sys_init_run_level
                0x00000000000059e0       0x50 zephyr/kernel/libkernel.a(device.c.obj)
                0x00000000000059e0                z_sys_init_run_level
 .text.z_fatal_error
                0x0000000000005a30       0x68 zephyr/kernel/libkernel.a(fatal.c.obj)
                0x0000000000005a30                z_fatal_error
 .text.init_idle_thread
                0x0000000000005a98       0x60 zephyr/kernel/libkernel.a(init.c.obj)
 .text.bg_thread_main
                0x0000000000005af8       0x34 zephyr/kernel/libkernel.a(init.c.obj)
 .text.switch_to_main_thread
                0x0000000000005b2c       0x14 zephyr/kernel/libkernel.a(init.c.obj)
 .text.z_bss_zero
                0x0000000000005b40       0x18 zephyr/kernel/libkernel.a(init.c.obj)
                0x0000000000005b40                z_bss_zero
 .text.z_init_cpu
                0x0000000000005b58       0x44 zephyr/kernel/libkernel.a(init.c.obj)
                0x0000000000005b58                z_init_cpu
 .text.prepare_multithreading
                0x0000000000005b9c       0x60 zephyr/kernel/libkernel.a(init.c.obj)
 .text.z_cstart
                0x0000000000005bfc       0x8c zephyr/kernel/libkernel.a(init.c.obj)
                0x0000000000005bfc                z_cstart
 .text.init_mem_slab_module
                0x0000000000005c88       0x5c zephyr/kernel/libkernel.a(mem_slab.c.obj)
 .text.k_mem_slab_alloc
                0x0000000000005ce4       0xec zephyr/kernel/libkernel.a(mem_slab.c.obj)
                0x0000000000005ce4                k_mem_slab_alloc
 .text.k_mem_slab_free
                0x0000000000005dd0       0xd0 zephyr/kernel/libkernel.a(mem_slab.c.obj)
                0x0000000000005dd0                k_mem_slab_free
 .text.schedule_new_thread
                0x0000000000005ea0       0x1c zephyr/kernel/libkernel.a(thread.c.obj)
 .text.z_spin_lock_valid
                0x0000000000005ebc       0x20 zephyr/kernel/libkernel.a(thread.c.obj)
                0x0000000000005ebc                z_spin_lock_valid
 .text.z_spin_unlock_valid
                0x0000000000005edc       0x20 zephyr/kernel/libkernel.a(thread.c.obj)
                0x0000000000005edc                z_spin_unlock_valid
 .text.z_spin_lock_set_owner
                0x0000000000005efc       0x10 zephyr/kernel/libkernel.a(thread.c.obj)
                0x0000000000005efc                z_spin_lock_set_owner
 .text.z_thread_monitor_exit
                0x0000000000005f0c       0xb4 zephyr/kernel/libkernel.a(thread.c.obj)
                0x0000000000005f0c                z_thread_monitor_exit
 .text.z_setup_new_thread
                0x0000000000005fc0      0x18c zephyr/kernel/libkernel.a(thread.c.obj)
                0x0000000000005fc0                z_setup_new_thread
 .text.z_init_static_threads
                0x000000000000614c       0xf4 zephyr/kernel/libkernel.a(thread.c.obj)
                0x000000000000614c                z_init_static_threads
 .text.idle     0x0000000000006240       0x68 zephyr/kernel/libkernel.a(idle.c.obj)
                0x0000000000006240                idle
 .text.z_impl_k_mutex_lock
                0x00000000000062a8      0x240 zephyr/kernel/libkernel.a(mutex.c.obj)
                0x00000000000062a8                z_impl_k_mutex_lock
 .text.z_impl_k_mutex_unlock
                0x00000000000064e8      0x1a8 zephyr/kernel/libkernel.a(mutex.c.obj)
                0x00000000000064e8                z_impl_k_mutex_unlock
 .text.queue_insert
                0x0000000000006690      0x14c zephyr/kernel/libkernel.a(queue.c.obj)
 .text.z_impl_k_queue_get
                0x00000000000067dc      0x120 zephyr/kernel/libkernel.a(queue.c.obj)
                0x00000000000067dc                z_impl_k_queue_get
 .text.z_impl_k_sem_give
                0x00000000000068fc       0x88 zephyr/kernel/libkernel.a(sem.c.obj)
                0x00000000000068fc                z_impl_k_sem_give
 .text.z_impl_k_sem_take
                0x0000000000006984      0x12c zephyr/kernel/libkernel.a(sem.c.obj)
                0x0000000000006984                z_impl_k_sem_take
 .text.pended_on_thread
                0x0000000000006ab0       0x34 zephyr/kernel/libkernel.a(sched.c.obj)
 .text.add_thread_timeout
                0x0000000000006ae4       0x20 zephyr/kernel/libkernel.a(sched.c.obj)
 .text.z_reset_time_slice
                0x0000000000006b04       0x28 zephyr/kernel/libkernel.a(sched.c.obj)
                0x0000000000006b04                z_reset_time_slice
 .text.k_sched_time_slice_set
                0x0000000000006b2c       0xec zephyr/kernel/libkernel.a(sched.c.obj)
                0x0000000000006b2c                k_sched_time_slice_set
 .text.z_reschedule
                0x0000000000006c18       0x9c zephyr/kernel/libkernel.a(sched.c.obj)
                0x0000000000006c18                z_reschedule
 .text.k_sched_lock
                0x0000000000006cb4      0x104 zephyr/kernel/libkernel.a(sched.c.obj)
                0x0000000000006cb4                k_sched_lock
 .text.z_priq_dumb_remove
                0x0000000000006db8       0x48 zephyr/kernel/libkernel.a(sched.c.obj)
                0x0000000000006db8                z_priq_dumb_remove
 .text.z_unpend_thread
                0x0000000000006e00       0xbc zephyr/kernel/libkernel.a(sched.c.obj)
                0x0000000000006e00                z_unpend_thread
 .text.update_cache
                0x0000000000006ebc       0x84 zephyr/kernel/libkernel.a(sched.c.obj)
 .text.move_thread_to_end_of_prio_q
                0x0000000000006f40       0xb8 zephyr/kernel/libkernel.a(sched.c.obj)
 .text.slice_expired_locked
                0x0000000000006ff8       0x28 zephyr/kernel/libkernel.a(sched.c.obj)
 .text.z_time_slice
                0x0000000000007020      0x150 zephyr/kernel/libkernel.a(sched.c.obj)
                0x0000000000007020                z_time_slice
 .text.ready_thread
                0x0000000000007170       0xac zephyr/kernel/libkernel.a(sched.c.obj)
 .text.z_ready_thread
                0x000000000000721c       0xac zephyr/kernel/libkernel.a(sched.c.obj)
                0x000000000000721c                z_ready_thread
 .text.z_sched_start
                0x00000000000072c8       0xb0 zephyr/kernel/libkernel.a(sched.c.obj)
                0x00000000000072c8                z_sched_start
 .text.z_thread_timeout
                0x0000000000007378       0xe8 zephyr/kernel/libkernel.a(sched.c.obj)
                0x0000000000007378                z_thread_timeout
 .text.unready_thread
                0x0000000000007460       0x38 zephyr/kernel/libkernel.a(sched.c.obj)
 .text.add_to_waitq_locked
                0x0000000000007498       0x84 zephyr/kernel/libkernel.a(sched.c.obj)
 .text.pend     0x000000000000751c       0xb8 zephyr/kernel/libkernel.a(sched.c.obj)
 .text.z_pend_curr
                0x00000000000075d4       0x60 zephyr/kernel/libkernel.a(sched.c.obj)
                0x00000000000075d4                z_pend_curr
 .text.z_set_prio
                0x0000000000007634      0x15c zephyr/kernel/libkernel.a(sched.c.obj)
                0x0000000000007634                z_set_prio
 .text.z_impl_k_thread_suspend
                0x0000000000007790       0xf8 zephyr/kernel/libkernel.a(sched.c.obj)
                0x0000000000007790                z_impl_k_thread_suspend
 .text.k_sched_unlock
                0x0000000000007888      0x128 zephyr/kernel/libkernel.a(sched.c.obj)
                0x0000000000007888                k_sched_unlock
 .text.end_thread
                0x00000000000079b0       0x9c zephyr/kernel/libkernel.a(sched.c.obj)
 .text.z_unpend_first_thread
                0x0000000000007a4c       0xc8 zephyr/kernel/libkernel.a(sched.c.obj)
                0x0000000000007a4c                z_unpend_first_thread
 .text.z_sched_init
                0x0000000000007b14       0x18 zephyr/kernel/libkernel.a(sched.c.obj)
                0x0000000000007b14                z_sched_init
 .text.z_impl_k_yield
                0x0000000000007b2c      0x15c zephyr/kernel/libkernel.a(sched.c.obj)
                0x0000000000007b2c                z_impl_k_yield
 .text.z_tick_sleep
                0x0000000000007c88      0x17c zephyr/kernel/libkernel.a(sched.c.obj)
 .text.z_impl_k_sleep
                0x0000000000007e04       0x98 zephyr/kernel/libkernel.a(sched.c.obj)
                0x0000000000007e04                z_impl_k_sleep
 .text.z_impl_z_current_get
                0x0000000000007e9c        0xc zephyr/kernel/libkernel.a(sched.c.obj)
                0x0000000000007e9c                z_impl_z_current_get
 .text.z_thread_abort
                0x0000000000007ea8      0x144 zephyr/kernel/libkernel.a(sched.c.obj)
                0x0000000000007ea8                z_thread_abort
 .text.z_data_copy
                0x0000000000007fec       0x34 zephyr/kernel/libkernel.a(xip.c.obj)
                0x0000000000007fec                z_data_copy
 .text.first    0x0000000000008020       0x14 zephyr/kernel/libkernel.a(timeout.c.obj)
 .text.next     0x0000000000008034       0x18 zephyr/kernel/libkernel.a(timeout.c.obj)
 .text.elapsed  0x000000000000804c       0x18 zephyr/kernel/libkernel.a(timeout.c.obj)
 .text.next_timeout
                0x0000000000008064       0x4c zephyr/kernel/libkernel.a(timeout.c.obj)
 .text.z_add_timeout
                0x00000000000080b0      0x1c8 zephyr/kernel/libkernel.a(timeout.c.obj)
                0x00000000000080b0                z_add_timeout
 .text.z_abort_timeout
                0x0000000000008278       0xb4 zephyr/kernel/libkernel.a(timeout.c.obj)
                0x0000000000008278                z_abort_timeout
 .text.z_get_next_timeout_expiry
                0x000000000000832c       0xa4 zephyr/kernel/libkernel.a(timeout.c.obj)
                0x000000000000832c                z_get_next_timeout_expiry
 .text.z_set_timeout_expiry
                0x00000000000083d0       0xcc zephyr/kernel/libkernel.a(timeout.c.obj)
                0x00000000000083d0                z_set_timeout_expiry
 .text.sys_clock_announce
                0x000000000000849c      0x190 zephyr/kernel/libkernel.a(timeout.c.obj)
                0x000000000000849c                sys_clock_announce
 .text.sys_clock_tick_get
                0x000000000000862c       0xb4 zephyr/kernel/libkernel.a(timeout.c.obj)
                0x000000000000862c                sys_clock_tick_get
 .text.z_heap_aligned_alloc
                0x00000000000086e0       0x70 zephyr/kernel/libkernel.a(mempool.c.obj)
 .text.k_aligned_alloc
                0x0000000000008750       0x78 zephyr/kernel/libkernel.a(mempool.c.obj)
                0x0000000000008750                k_aligned_alloc
 .text.k_thread_system_pool_assign
                0x00000000000087c8        0xc zephyr/kernel/libkernel.a(mempool.c.obj)
                0x00000000000087c8                k_thread_system_pool_assign
 .text.z_thread_aligned_alloc
                0x00000000000087d4       0x2c zephyr/kernel/libkernel.a(mempool.c.obj)
                0x00000000000087d4                z_thread_aligned_alloc
 .text.boot_banner
                0x0000000000008800       0x1c zephyr/kernel/libkernel.a(banner.c.obj)
                0x0000000000008800                boot_banner
 .text.statics_init
                0x000000000000881c       0x58 zephyr/kernel/libkernel.a(kheap.c.obj)
 .text.k_heap_aligned_alloc
                0x0000000000008874      0x168 zephyr/kernel/libkernel.a(kheap.c.obj)
                0x0000000000008874                k_heap_aligned_alloc
 .text.k_heap_free
                0x00000000000089dc       0xb4 zephyr/kernel/libkernel.a(kheap.c.obj)
                0x00000000000089dc                k_heap_free
 .text.nrf_cc3xx_platform_init_no_rng
                0x0000000000008a90       0x38 C:/ncs/v2.0.0/nrfxlib/crypto/nrf_cc310_platform/lib/cortex-m4/soft-float/no-interrupts/libnrf_cc310_platform_0.9.14.a(nrf_cc3xx_platform.c.obj)
                0x0000000000008a90                nrf_cc3xx_platform_init_no_rng
 .text.nrf_cc3xx_platform_abort
                0x0000000000008ac8       0x24 C:/ncs/v2.0.0/nrfxlib/crypto/nrf_cc310_platform/lib/cortex-m4/soft-float/no-interrupts/libnrf_cc310_platform_0.9.14.a(nrf_cc3xx_platform_abort.c.obj)
 .text.CC_PalAbort
                0x0000000000008aec       0x34 C:/ncs/v2.0.0/nrfxlib/crypto/nrf_cc310_platform/lib/cortex-m4/soft-float/no-interrupts/libnrf_cc310_platform_0.9.14.a(nrf_cc3xx_platform_abort.c.obj)
                0x0000000000008aec                CC_PalAbort
 .text.nrf_cc3xx_platform_set_abort
                0x0000000000008b20       0x10 C:/ncs/v2.0.0/nrfxlib/crypto/nrf_cc310_platform/lib/cortex-m4/soft-float/no-interrupts/libnrf_cc310_platform_0.9.14.a(nrf_cc3xx_platform_abort.c.obj)
                0x0000000000008b20                nrf_cc3xx_platform_set_abort
 .text.mutex_free
                0x0000000000008b30       0x28 C:/ncs/v2.0.0/nrfxlib/crypto/nrf_cc310_platform/lib/cortex-m4/soft-float/no-interrupts/libnrf_cc310_platform_0.9.14.a(nrf_cc3xx_platform_mutex.c.obj)
 .text.mutex_lock
                0x0000000000008b58       0x40 C:/ncs/v2.0.0/nrfxlib/crypto/nrf_cc310_platform/lib/cortex-m4/soft-float/no-interrupts/libnrf_cc310_platform_0.9.14.a(nrf_cc3xx_platform_mutex.c.obj)
 .text.mutex_unlock
                0x0000000000008b98       0x2c C:/ncs/v2.0.0/nrfxlib/crypto/nrf_cc310_platform/lib/cortex-m4/soft-float/no-interrupts/libnrf_cc310_platform_0.9.14.a(nrf_cc3xx_platform_mutex.c.obj)
 .text.mutex_init
                0x0000000000008bc4       0x1c C:/ncs/v2.0.0/nrfxlib/crypto/nrf_cc310_platform/lib/cortex-m4/soft-float/no-interrupts/libnrf_cc310_platform_0.9.14.a(nrf_cc3xx_platform_mutex.c.obj)
 .text.nrf_cc3xx_platform_set_mutexes
                0x0000000000008be0       0x60 C:/ncs/v2.0.0/nrfxlib/crypto/nrf_cc310_platform/lib/cortex-m4/soft-float/no-interrupts/libnrf_cc310_platform_0.9.14.a(nrf_cc3xx_platform_mutex.c.obj)
                0x0000000000008be0                nrf_cc3xx_platform_set_mutexes
 .text.CC_LibInitNoRng
                0x0000000000008c40       0x64 C:/ncs/v2.0.0/nrfxlib/crypto/nrf_cc310_platform/lib/cortex-m4/soft-float/no-interrupts/libnrf_cc310_platform_0.9.14.a(cc_lib.c.obj)
                0x0000000000008c40                CC_LibInitNoRng
 .text.CC_HalInit
                0x0000000000008ca4        0x4 C:/ncs/v2.0.0/nrfxlib/crypto/nrf_cc310_platform/lib/cortex-m4/soft-float/no-interrupts/libnrf_cc310_platform_0.9.14.a(cc_hal.c.obj)
                0x0000000000008ca4                CC_HalInit
 .text.CC_HalTerminate
                0x0000000000008ca8        0x4 C:/ncs/v2.0.0/nrfxlib/crypto/nrf_cc310_platform/lib/cortex-m4/soft-float/no-interrupts/libnrf_cc310_platform_0.9.14.a(cc_hal.c.obj)
                0x0000000000008ca8                CC_HalTerminate
 .text.CC_HalMaskInterrupt
                0x0000000000008cac        0xc C:/ncs/v2.0.0/nrfxlib/crypto/nrf_cc310_platform/lib/cortex-m4/soft-float/no-interrupts/libnrf_cc310_platform_0.9.14.a(cc_hal.c.obj)
                0x0000000000008cac                CC_HalMaskInterrupt
 .text.CC_PalInit
                0x0000000000008cb8       0x5c C:/ncs/v2.0.0/nrfxlib/crypto/nrf_cc310_platform/lib/cortex-m4/soft-float/no-interrupts/libnrf_cc310_platform_0.9.14.a(cc_pal.c.obj)
                0x0000000000008cb8                CC_PalInit
 .text.CC_PalTerminate
                0x0000000000008d14       0x34 C:/ncs/v2.0.0/nrfxlib/crypto/nrf_cc310_platform/lib/cortex-m4/soft-float/no-interrupts/libnrf_cc310_platform_0.9.14.a(cc_pal.c.obj)
                0x0000000000008d14                CC_PalTerminate
 .text.CC_PalDmaInit
                0x0000000000008d48        0x4 C:/ncs/v2.0.0/nrfxlib/crypto/nrf_cc310_platform/lib/cortex-m4/soft-float/no-interrupts/libnrf_cc310_platform_0.9.14.a(cc_pal_dma.c.obj)
                0x0000000000008d48                CC_PalDmaInit
 .text.CC_PalDmaTerminate
                0x0000000000008d4c        0x4 C:/ncs/v2.0.0/nrfxlib/crypto/nrf_cc310_platform/lib/cortex-m4/soft-float/no-interrupts/libnrf_cc310_platform_0.9.14.a(cc_pal_dma.c.obj)
                0x0000000000008d4c                CC_PalDmaTerminate
 .text.CC_PalMutexCreate
                0x0000000000008d50       0x14 C:/ncs/v2.0.0/nrfxlib/crypto/nrf_cc310_platform/lib/cortex-m4/soft-float/no-interrupts/libnrf_cc310_platform_0.9.14.a(cc_pal_mutex.c.obj)
                0x0000000000008d50                CC_PalMutexCreate
 .text.CC_PalMutexDestroy
                0x0000000000008d64       0x14 C:/ncs/v2.0.0/nrfxlib/crypto/nrf_cc310_platform/lib/cortex-m4/soft-float/no-interrupts/libnrf_cc310_platform_0.9.14.a(cc_pal_mutex.c.obj)
                0x0000000000008d64                CC_PalMutexDestroy
 .text.CC_PalPowerSaveModeInit
                0x0000000000008d78       0x3c C:/ncs/v2.0.0/nrfxlib/crypto/nrf_cc310_platform/lib/cortex-m4/soft-float/no-interrupts/libnrf_cc310_platform_0.9.14.a(cc_pal_pm.c.obj)
                0x0000000000008d78                CC_PalPowerSaveModeInit
 .text.CC_PalPowerSaveModeSelect
                0x0000000000008db4       0x88 C:/ncs/v2.0.0/nrfxlib/crypto/nrf_cc310_platform/lib/cortex-m4/soft-float/no-interrupts/libnrf_cc310_platform_0.9.14.a(cc_pal_pm.c.obj)
                0x0000000000008db4                CC_PalPowerSaveModeSelect
 .text.sys_notify_validate
                0x0000000000008e3c       0x2e zephyr/libzephyr.a(notify.c.obj)
                0x0000000000008e3c                sys_notify_validate
 .text.arch_printk_char_out
                0x0000000000008e6a        0x4 zephyr/libzephyr.a(printk.c.obj)
                0x0000000000008e6a                arch_printk_char_out
 .text.printk   0x0000000000008e6e       0x1c zephyr/libzephyr.a(printk.c.obj)
                0x0000000000008e6e                printk
 .text.set_state
                0x0000000000008e8a       0x10 zephyr/libzephyr.a(onoff.c.obj)
 .text.notify_monitors
                0x0000000000008e9a       0x3e zephyr/libzephyr.a(onoff.c.obj)
 .text.process_recheck
                0x0000000000008ed8       0x32 zephyr/libzephyr.a(onoff.c.obj)
 .text.validate_args
                0x0000000000008f0a       0x2c zephyr/libzephyr.a(onoff.c.obj)
 .text.notify_one
                0x0000000000008f36       0x26 zephyr/libzephyr.a(onoff.c.obj)
 .text.notify_all
                0x0000000000008f5c       0x2e zephyr/libzephyr.a(onoff.c.obj)
 .text.onoff_manager_init
                0x0000000000008f8a       0x38 zephyr/libzephyr.a(onoff.c.obj)
                0x0000000000008f8a                onoff_manager_init
 .text.z_thread_entry
                0x0000000000008fc2       0x14 zephyr/libzephyr.a(thread_entry.c.obj)
                0x0000000000008fc2                z_thread_entry
 .text.chunk_mem
                0x0000000000008fd6        0x8 zephyr/libzephyr.a(heap.c.obj)
 .text.free_list_remove_bidx
                0x0000000000008fde       0x40 zephyr/libzephyr.a(heap.c.obj)
 .text.free_list_add_bidx
                0x000000000000901e       0x50 zephyr/libzephyr.a(heap.c.obj)
 .text.split_chunks
                0x000000000000906e       0x3a zephyr/libzephyr.a(heap.c.obj)
 .text.merge_chunks
                0x00000000000090a8       0x34 zephyr/libzephyr.a(heap.c.obj)
 .text.mem_to_chunkid
                0x00000000000090dc        0x8 zephyr/libzephyr.a(heap.c.obj)
 .text.free_list_remove
                0x00000000000090e4       0x18 zephyr/libzephyr.a(heap.c.obj)
 .text.free_list_add
                0x00000000000090fc       0x18 zephyr/libzephyr.a(heap.c.obj)
 .text.free_chunk
                0x0000000000009114       0x62 zephyr/libzephyr.a(heap.c.obj)
 .text.alloc_chunk
                0x0000000000009176       0x76 zephyr/libzephyr.a(heap.c.obj)
 .text.sys_heap_alloc
                0x00000000000091ec       0x64 zephyr/libzephyr.a(heap.c.obj)
                0x00000000000091ec                sys_heap_alloc
 .text.extract_decimal
                0x0000000000009250       0x24 zephyr/libzephyr.a(cbprintf_complete.c.obj)
 .text.encode_uint
                0x0000000000009274       0xd4 zephyr/libzephyr.a(cbprintf_complete.c.obj)
 .text.outs     0x0000000000009348       0x34 zephyr/libzephyr.a(cbprintf_complete.c.obj)
 .text.assert_post_action
                0x000000000000937c        0xe zephyr/libzephyr.a(assert.c.obj)
                0x000000000000937c                assert_post_action
 .text.assert_print
                0x000000000000938a       0x1c zephyr/libzephyr.a(assert.c.obj)
                0x000000000000938a                assert_print
 .text._ConfigAbsSyms
                0x00000000000093a6        0x2 zephyr/libzephyr.a(configs.c.obj)
                0x00000000000093a6                _ConfigAbsSyms
 .text.abort_function
                0x00000000000093a8        0x8 zephyr/libzephyr.a(nrf_cc3xx_platform_abort_zephyr.c.obj)
 .text.z_arm_fatal_error
                0x00000000000093b0        0x8 zephyr/arch/arch/arm/core/aarch32/libarch__arm__core__aarch32.a(fatal.c.obj)
                0x00000000000093b0                z_arm_fatal_error
 .text.z_do_kernel_oops
                0x00000000000093b8        0xc zephyr/arch/arch/arm/core/aarch32/libarch__arm__core__aarch32.a(fatal.c.obj)
                0x00000000000093b8                z_do_kernel_oops
 .text.z_irq_spurious
                0x00000000000093c4        0xc zephyr/arch/arch/arm/core/aarch32/libarch__arm__core__aarch32.a(irq_manage.c.obj)
                0x00000000000093c4                z_irq_spurious
 .text.z_arm_nmi
                0x00000000000093d0        0xc zephyr/arch/arch/arm/core/aarch32/libarch__arm__core__aarch32.a(nmi.c.obj)
                0x00000000000093d0                z_arm_nmi
 .text.memory_fault_recoverable
                0x00000000000093dc        0x4 zephyr/arch/arch/arm/core/aarch32/cortex_m/libarch__arm__core__aarch32__cortex_m.a(fault.c.obj)
 .text.debug_monitor
                0x00000000000093e0        0x6 zephyr/arch/arch/arm/core/aarch32/cortex_m/libarch__arm__core__aarch32__cortex_m.a(fault.c.obj)
 .text.fault_handle
                0x00000000000093e6       0x46 zephyr/arch/arch/arm/core/aarch32/cortex_m/libarch__arm__core__aarch32__cortex_m.a(fault.c.obj)
 .text.mpu_partition_is_valid
                0x000000000000942c       0x22 zephyr/arch/arch/arm/core/aarch32/mpu/libarch__arm__core__aarch32__mpu.a(arm_mpu.c.obj)
 .text.region_allocate_and_init
                0x000000000000944e       0x16 zephyr/arch/arch/arm/core/aarch32/mpu/libarch__arm__core__aarch32__mpu.a(arm_mpu.c.obj)
 .text.mpu_configure_region
                0x0000000000009464       0x3e zephyr/arch/arch/arm/core/aarch32/mpu/libarch__arm__core__aarch32__mpu.a(arm_mpu.c.obj)
 .text.mpu_configure_regions
                0x00000000000094a2       0x50 zephyr/arch/arch/arm/core/aarch32/mpu/libarch__arm__core__aarch32__mpu.a(arm_mpu.c.obj)
 .text.strcpy   0x00000000000094f2       0x14 zephyr/lib/libc/minimal/liblib__libc__minimal.a(string.c.obj)
                0x00000000000094f2                strcpy
 .text.strncpy  0x0000000000009506       0x34 zephyr/lib/libc/minimal/liblib__libc__minimal.a(string.c.obj)
                0x0000000000009506                strncpy
 .text.strlen   0x000000000000953a       0x12 zephyr/lib/libc/minimal/liblib__libc__minimal.a(string.c.obj)
                0x000000000000953a                strlen
 .text.strnlen  0x000000000000954c       0x14 zephyr/lib/libc/minimal/liblib__libc__minimal.a(string.c.obj)
                0x000000000000954c                strnlen
 .text.memcpy   0x0000000000009560       0x5e zephyr/lib/libc/minimal/liblib__libc__minimal.a(string.c.obj)
                0x0000000000009560                memcpy
 .text.memset   0x00000000000095be       0x3c zephyr/lib/libc/minimal/liblib__libc__minimal.a(string.c.obj)
                0x00000000000095be                memset
 .text._stdout_hook_default
                0x00000000000095fa        0x6 zephyr/lib/libc/minimal/liblib__libc__minimal.a(stdout_console.c.obj)
 .text.nrf52_errata_197
                0x0000000000009600       0x20 zephyr/soc/arm/nordic_nrf/nrf52/libsoc__arm__nordic_nrf__nrf52.a(soc.c.obj)
 .text.pm_state_set
                0x0000000000009620       0x18 zephyr/soc/arm/nordic_nrf/nrf52/libsoc__arm__nordic_nrf__nrf52.a(power.c.obj)
                0x0000000000009620                pm_state_set
 .text.pm_state_exit_post_ops
                0x0000000000009638        0xc zephyr/soc/arm/nordic_nrf/nrf52/libsoc__arm__nordic_nrf__nrf52.a(power.c.obj)
                0x0000000000009638                pm_state_exit_post_ops
 .text.get_sub_data
                0x0000000000009644        0xe zephyr/drivers/clock_control/libdrivers__clock_control.a(clock_control_nrf.c.obj)
 .text.get_sub_config
                0x0000000000009652        0x8 zephyr/drivers/clock_control/libdrivers__clock_control.a(clock_control_nrf.c.obj)
 .text.get_onoff_manager
                0x000000000000965a        0x8 zephyr/drivers/clock_control/libdrivers__clock_control.a(clock_control_nrf.c.obj)
 .text.set_off_state
                0x0000000000009662       0x32 zephyr/drivers/clock_control/libdrivers__clock_control.a(clock_control_nrf.c.obj)
 .text.set_starting_state
                0x0000000000009694       0x3c zephyr/drivers/clock_control/libdrivers__clock_control.a(clock_control_nrf.c.obj)
 .text.set_on_state
                0x00000000000096d0       0x26 zephyr/drivers/clock_control/libdrivers__clock_control.a(clock_control_nrf.c.obj)
 .text.clkstarted_handle
                0x00000000000096f6       0x24 zephyr/drivers/clock_control/libdrivers__clock_control.a(clock_control_nrf.c.obj)
 .text.async_start
                0x000000000000971a       0x38 zephyr/drivers/clock_control/libdrivers__clock_control.a(clock_control_nrf.c.obj)
 .text.api_start
                0x0000000000009752       0x10 zephyr/drivers/clock_control/libdrivers__clock_control.a(clock_control_nrf.c.obj)
 .text.onoff_started_callback
                0x0000000000009762       0x10 zephyr/drivers/clock_control/libdrivers__clock_control.a(clock_control_nrf.c.obj)
 .text.hfclk_start
                0x0000000000009772        0xa zephyr/drivers/clock_control/libdrivers__clock_control.a(clock_control_nrf.c.obj)
 .text.lfclk_start
                0x000000000000977c        0xa zephyr/drivers/clock_control/libdrivers__clock_control.a(clock_control_nrf.c.obj)
 .text.hfclk_stop
                0x0000000000009786        0xa zephyr/drivers/clock_control/libdrivers__clock_control.a(clock_control_nrf.c.obj)
 .text.lfclk_stop
                0x0000000000009790        0xa zephyr/drivers/clock_control/libdrivers__clock_control.a(clock_control_nrf.c.obj)
 .text.api_stop
                0x000000000000979a        0xa zephyr/drivers/clock_control/libdrivers__clock_control.a(clock_control_nrf.c.obj)
 .text.blocking_start_callback
                0x00000000000097a4        0xa zephyr/drivers/clock_control/libdrivers__clock_control.a(clock_control_nrf.c.obj)
 .text.get_drive
                0x00000000000097ae       0x8c zephyr/drivers/gpio/libdrivers__gpio.a(gpio_nrfx.c.obj)
 .text.get_pull
                0x000000000000983a       0x18 zephyr/drivers/gpio/libdrivers__gpio.a(gpio_nrfx.c.obj)
 .text.gpio_nrfx_port_get_raw
                0x0000000000009852        0xe zephyr/drivers/gpio/libdrivers__gpio.a(gpio_nrfx.c.obj)
 .text.gpio_nrfx_port_set_masked_raw
                0x0000000000009860       0x16 zephyr/drivers/gpio/libdrivers__gpio.a(gpio_nrfx.c.obj)
 .text.gpio_nrfx_port_set_bits_raw
                0x0000000000009876        0xc zephyr/drivers/gpio/libdrivers__gpio.a(gpio_nrfx.c.obj)
 .text.gpio_nrfx_port_clear_bits_raw
                0x0000000000009882        0xc zephyr/drivers/gpio/libdrivers__gpio.a(gpio_nrfx.c.obj)
 .text.gpio_nrfx_port_toggle_bits
                0x000000000000988e       0x12 zephyr/drivers/gpio/libdrivers__gpio.a(gpio_nrfx.c.obj)
 .text.get_trigger
                0x00000000000098a0       0x2c zephyr/drivers/gpio/libdrivers__gpio.a(gpio_nrfx.c.obj)
 .text.endtx_isr
                0x00000000000098cc       0x32 zephyr/drivers/serial/libdrivers__serial.a(uart_nrfx_uarte.c.obj)
 .text.uarte_nrfx_isr_int
                0x00000000000098fe       0x52 zephyr/drivers/serial/libdrivers__serial.a(uart_nrfx_uarte.c.obj)
 .text.uarte_nrfx_configure
                0x0000000000009950       0xa6 zephyr/drivers/serial/libdrivers__serial.a(uart_nrfx_uarte.c.obj)
 .text.uarte_nrfx_config_get
                0x00000000000099f6       0x12 zephyr/drivers/serial/libdrivers__serial.a(uart_nrfx_uarte.c.obj)
 .text.uarte_nrfx_err_check
                0x0000000000009a08        0xe zephyr/drivers/serial/libdrivers__serial.a(uart_nrfx_uarte.c.obj)
 .text.is_tx_ready
                0x0000000000009a16       0x28 zephyr/drivers/serial/libdrivers__serial.a(uart_nrfx_uarte.c.obj)
 .text.uarte_enable
                0x0000000000009a3e        0xc zephyr/drivers/serial/libdrivers__serial.a(uart_nrfx_uarte.c.obj)
 .text.tx_start
                0x0000000000009a4a       0x3e zephyr/drivers/serial/libdrivers__serial.a(uart_nrfx_uarte.c.obj)
 .text.uarte_nrfx_poll_in
                0x0000000000009a88       0x2a zephyr/drivers/serial/libdrivers__serial.a(uart_nrfx_uarte.c.obj)
 .text.wait_tx_ready
                0x0000000000009ab2       0x4e zephyr/drivers/serial/libdrivers__serial.a(uart_nrfx_uarte.c.obj)
 .text.uarte_instance_init
                0x0000000000009b00       0xc2 zephyr/drivers/serial/libdrivers__serial.a(uart_nrfx_uarte.c.obj)
 .text.uarte_0_init
                0x0000000000009bc2       0x1e zephyr/drivers/serial/libdrivers__serial.a(uart_nrfx_uarte.c.obj)
 .text.uarte_1_init
                0x0000000000009be0       0x1e zephyr/drivers/serial/libdrivers__serial.a(uart_nrfx_uarte.c.obj)
 .text.sys_clock_idle_exit
                0x0000000000009bfe        0x2 zephyr/drivers/timer/libdrivers__timer.a(sys_clock_init.c.obj)
                0x0000000000009bfe                sys_clock_idle_exit
 .text.counter_sub
                0x0000000000009c00        0x8 zephyr/drivers/timer/libdrivers__timer.a(nrf_rtc_timer.c.obj)
 .text.event_clear
                0x0000000000009c08       0x18 zephyr/drivers/timer/libdrivers__timer.a(nrf_rtc_timer.c.obj)
 .text.absolute_time_to_cc
                0x0000000000009c20        0x6 zephyr/drivers/timer/libdrivers__timer.a(nrf_rtc_timer.c.obj)
 .text.full_int_lock
                0x0000000000009c26       0x12 zephyr/drivers/timer/libdrivers__timer.a(nrf_rtc_timer.c.obj)
 .text.full_int_unlock
                0x0000000000009c38        0xa zephyr/drivers/timer/libdrivers__timer.a(nrf_rtc_timer.c.obj)
 .text.set_absolute_alarm
                0x0000000000009c42       0x76 zephyr/drivers/timer/libdrivers__timer.a(nrf_rtc_timer.c.obj)
 .text.compare_set
                0x0000000000009cb8       0x32 zephyr/drivers/timer/libdrivers__timer.a(nrf_rtc_timer.c.obj)
 .text.pinctrl_lookup_state
                0x0000000000009cea       0x34 zephyr/drivers/pinctrl/libdrivers__pinctrl.a(common.c.obj)
                0x0000000000009cea                pinctrl_lookup_state
 .text.k_sys_fatal_error_handler
                0x0000000000009d1e        0x8 modules/nrf/lib/fatal_error/lib..__nrf__lib__fatal_error.a(fatal_error.c.obj)
                0x0000000000009d1e                k_sys_fatal_error_handler
 .text.hw_cc3xx_init_internal
                0x0000000000009d26        0x8 modules/nrf/drivers/hw_cc310/lib..__nrf__drivers__hw_cc310.a(hw_cc310.c.obj)
 .text.hw_cc3xx_init
                0x0000000000009d2e       0x14 modules/nrf/drivers/hw_cc310/lib..__nrf__drivers__hw_cc310.a(hw_cc310.c.obj)
 .text.nrf52_errata_36
                0x0000000000009d42       0x14 modules/hal_nordic/nrfx/libmodules__hal_nordic__nrfx.a(system_nrf52840.c.obj)
 .text.nrf52_errata_66
                0x0000000000009d56       0x14 modules/hal_nordic/nrfx/libmodules__hal_nordic__nrfx.a(system_nrf52840.c.obj)
 .text.nrf52_errata_98
                0x0000000000009d6a       0x26 modules/hal_nordic/nrfx/libmodules__hal_nordic__nrfx.a(system_nrf52840.c.obj)
 .text.nrf52_errata_103
                0x0000000000009d90       0x26 modules/hal_nordic/nrfx/libmodules__hal_nordic__nrfx.a(system_nrf52840.c.obj)
 .text.nrf52_errata_115
                0x0000000000009db6       0x26 modules/hal_nordic/nrfx/libmodules__hal_nordic__nrfx.a(system_nrf52840.c.obj)
 .text.nrf52_errata_120
                0x0000000000009ddc       0x26 modules/hal_nordic/nrfx/libmodules__hal_nordic__nrfx.a(system_nrf52840.c.obj)
 .text.nrf52_errata_136
                0x0000000000009e02       0x14 modules/hal_nordic/nrfx/libmodules__hal_nordic__nrfx.a(system_nrf52840.c.obj)
 .text.nrf52_configuration_249
                0x0000000000009e16       0x20 modules/hal_nordic/nrfx/libmodules__hal_nordic__nrfx.a(system_nrf52840.c.obj)
 .text.nrfx_isr
                0x0000000000009e36        0x6 modules/hal_nordic/nrfx/libmodules__hal_nordic__nrfx.a(nrfx_glue.c.obj)
                0x0000000000009e36                nrfx_isr
 .text.nrfx_busy_wait
                0x0000000000009e3c        0x8 modules/hal_nordic/nrfx/libmodules__hal_nordic__nrfx.a(nrfx_glue.c.obj)
                0x0000000000009e3c                nrfx_busy_wait
 .text.clock_initial_lfclksrc_get
                0x0000000000009e44        0x4 modules/hal_nordic/nrfx/libmodules__hal_nordic__nrfx.a(nrfx_clock.c.obj)
 .text.clock_lfclksrc_tweak
                0x0000000000009e48       0x2c modules/hal_nordic/nrfx/libmodules__hal_nordic__nrfx.a(nrfx_clock.c.obj)
 .text.pin_is_task_output
                0x0000000000009e74       0x1e modules/hal_nordic/nrfx/libmodules__hal_nordic__nrfx.a(nrfx_gpiote.c.obj)
 .text.pin_is_input
                0x0000000000009e92        0xe modules/hal_nordic/nrfx/libmodules__hal_nordic__nrfx.a(nrfx_gpiote.c.obj)
 .text.gpiote_polarity_to_trigger
                0x0000000000009ea0        0x2 modules/hal_nordic/nrfx/libmodules__hal_nordic__nrfx.a(nrfx_gpiote.c.obj)
 .text.gpiote_trigger_to_polarity
                0x0000000000009ea2        0x2 modules/hal_nordic/nrfx/libmodules__hal_nordic__nrfx.a(nrfx_gpiote.c.obj)
 .text.is_level
                0x0000000000009ea4        0xa modules/hal_nordic/nrfx/libmodules__hal_nordic__nrfx.a(nrfx_gpiote.c.obj)
 .text.SEGGER_RTT_Init
                0x0000000000009eae        0x8 modules/segger/libmodules__segger.a(SEGGER_RTT.c.obj)
                0x0000000000009eae                SEGGER_RTT_Init
 .text.rtt_init
                0x0000000000009eb6        0xa modules/segger/libmodules__segger.a(SEGGER_RTT_zephyr.c.obj)
 .text.z_device_is_ready
                0x0000000000009ec0       0x1a zephyr/kernel/libkernel.a(device.c.obj)
                0x0000000000009ec0                z_device_is_ready
 .text.z_early_memset
                0x0000000000009eda        0x8 zephyr/kernel/libkernel.a(init.c.obj)
                0x0000000000009eda                z_early_memset
 .text.z_early_memcpy
                0x0000000000009ee2        0x8 zephyr/kernel/libkernel.a(init.c.obj)
                0x0000000000009ee2                z_early_memcpy
 .text.create_free_list
                0x0000000000009eea       0x2e zephyr/kernel/libkernel.a(mem_slab.c.obj)
 .text.k_mem_slab_init
                0x0000000000009f18       0x1e zephyr/kernel/libkernel.a(mem_slab.c.obj)
                0x0000000000009f18                k_mem_slab_init
 .text.setup_thread_stack
                0x0000000000009f36       0x24 zephyr/kernel/libkernel.a(thread.c.obj)
 .text.k_is_in_isr
                0x0000000000009f5a        0xc zephyr/kernel/libkernel.a(thread.c.obj)
                0x0000000000009f5a                k_is_in_isr
 .text.z_impl_k_thread_start
                0x0000000000009f66        0x8 zephyr/kernel/libkernel.a(thread.c.obj)
                0x0000000000009f66                z_impl_k_thread_start
 .text.z_init_thread_base
                0x0000000000009f6e       0x16 zephyr/kernel/libkernel.a(thread.c.obj)
                0x0000000000009f6e                z_init_thread_base
 .text.z_pm_save_idle_exit
                0x0000000000009f84        0xc zephyr/kernel/libkernel.a(idle.c.obj)
                0x0000000000009f84                z_pm_save_idle_exit
 .text.new_prio_for_inheritance
                0x0000000000009f90       0x16 zephyr/kernel/libkernel.a(mutex.c.obj)
 .text.adjust_owner_prio
                0x0000000000009fa6       0x16 zephyr/kernel/libkernel.a(mutex.c.obj)
 .text.z_impl_k_mutex_init
                0x0000000000009fbc        0xe zephyr/kernel/libkernel.a(mutex.c.obj)
                0x0000000000009fbc                z_impl_k_mutex_init
 .text.prepare_thread_to_run
                0x0000000000009fca       0x10 zephyr/kernel/libkernel.a(queue.c.obj)
 .text.z_queue_node_peek
                0x0000000000009fda       0x1e zephyr/kernel/libkernel.a(queue.c.obj)
                0x0000000000009fda                z_queue_node_peek
 .text.k_queue_append
                0x0000000000009ff8       0x18 zephyr/kernel/libkernel.a(queue.c.obj)
                0x0000000000009ff8                k_queue_append
 .text.thread_active_elsewhere
                0x000000000000a010        0x4 zephyr/kernel/libkernel.a(sched.c.obj)
 .text.z_sched_prio_cmp
                0x000000000000a014       0x14 zephyr/kernel/libkernel.a(sched.c.obj)
                0x000000000000a014                z_sched_prio_cmp
 .text.z_reschedule_irqlock
                0x000000000000a028       0x2a zephyr/kernel/libkernel.a(sched.c.obj)
                0x000000000000a028                z_reschedule_irqlock
 .text.z_priq_dumb_best
                0x000000000000a052        0xe zephyr/kernel/libkernel.a(sched.c.obj)
                0x000000000000a052                z_priq_dumb_best
 .text.z_unpend_all
                0x000000000000a060       0x20 zephyr/kernel/libkernel.a(sched.c.obj)
                0x000000000000a060                z_unpend_all
 .text.init_ready_q
                0x000000000000a080        0x8 zephyr/kernel/libkernel.a(sched.c.obj)
                0x000000000000a080                init_ready_q
 .text.remove_timeout
                0x000000000000a088       0x2e zephyr/kernel/libkernel.a(timeout.c.obj)
 .text.sys_clock_tick_get_32
                0x000000000000a0b6        0x8 zephyr/kernel/libkernel.a(timeout.c.obj)
                0x000000000000a0b6                sys_clock_tick_get_32
 .text.z_impl_k_busy_wait
                0x000000000000a0be        0xc zephyr/kernel/libkernel.a(timeout.c.obj)
                0x000000000000a0be                z_impl_k_busy_wait
 .text.sys_clock_timeout_end_calc
                0x000000000000a0ca       0x58 zephyr/kernel/libkernel.a(timeout.c.obj)
                0x000000000000a0ca                sys_clock_timeout_end_calc
 .text.k_free   0x000000000000a122       0x12 zephyr/kernel/libkernel.a(mempool.c.obj)
                0x000000000000a122                k_free
 .text.k_malloc
                0x000000000000a134        0xc zephyr/kernel/libkernel.a(mempool.c.obj)
                0x000000000000a134                k_malloc
 .text.main     0x000000000000a140        0x4 zephyr/kernel/libkernel.a(main_weak.c.obj)
                0x000000000000a140                main
 .text.k_heap_init
                0x000000000000a144       0x10 zephyr/kernel/libkernel.a(kheap.c.obj)
                0x000000000000a144                k_heap_init
 .text._OffsetAbsSyms
                0x000000000000a154        0x2 zephyr/CMakeFiles/offsets.dir/./arch/arm/core/offsets/offsets.c.obj
                0x000000000000a154                _OffsetAbsSyms
 *(SORT_BY_ALIGNMENT(.TEXT.*))
 *fill*         0x000000000000a156        0x2 
 .TEXT.z_arm_platform_init
                0x000000000000a158        0x4 zephyr/libzephyr.a(soc_nrf_common.S.obj)
                0x000000000000a158                z_arm_platform_init
 *(SORT_BY_ALIGNMENT(.gnu.linkonce.t.*))
 *(SORT_BY_ALIGNMENT(.glue_7t))
 .glue_7t       0x000000000000a15c        0x0 linker stubs
 *(SORT_BY_ALIGNMENT(.glue_7))
 .glue_7        0x000000000000a15c        0x0 linker stubs
 *(SORT_BY_ALIGNMENT(.vfp11_veneer))
 .vfp11_veneer  0x000000000000a15c        0x0 linker stubs
 *(SORT_BY_ALIGNMENT(.v4_bx))
 .v4_bx         0x000000000000a15c        0x0 linker stubs
                0x000000000000a15c                __text_region_end = .

.ARM.exidx      0x000000000000a15c        0x8
                0x000000000000a15c                __exidx_start = .
 *(SORT_BY_ALIGNMENT(.ARM.exidx*) SORT_BY_ALIGNMENT(gnu.linkonce.armexidx.*))
 .ARM.exidx     0x000000000000a15c        0x8 c:/ncs/toolchains/v2.0.0/opt/zephyr-sdk/arm-zephyr-eabi/bin/../lib/gcc/arm-zephyr-eabi/10.3.0/thumb/v7e-m/nofp\libgcc.a(_udivmoddi4.o)
                0x000000000000a164                __exidx_end = .
                0x000000000000a164                __rodata_region_start = .

initlevel       0x000000000000a164       0x68
                0x000000000000a164                __init_start = .
                0x000000000000a164                __init_PRE_KERNEL_1_start = .
 *(SORT_BY_NAME(SORT_BY_ALIGNMENT(.z_init_PRE_KERNEL_1[0-9]_*)))
 .z_init_PRE_KERNEL_10_
                0x000000000000a164        0x8 zephyr/soc/arm/nordic_nrf/nrf52/libsoc__arm__nordic_nrf__nrf52.a(soc.c.obj)
 *(SORT_BY_NAME(SORT_BY_ALIGNMENT(.z_init_PRE_KERNEL_1[1-9][0-9]_*)))
 .z_init_PRE_KERNEL_130_
                0x000000000000a16c        0x8 zephyr/drivers/clock_control/libdrivers__clock_control.a(clock_control_nrf.c.obj)
 .z_init_PRE_KERNEL_130_
                0x000000000000a174        0x8 modules/segger/libmodules__segger.a(SEGGER_RTT_zephyr.c.obj)
 .z_init_PRE_KERNEL_130_
                0x000000000000a17c        0x8 zephyr/kernel/libkernel.a(mem_slab.c.obj)
 .z_init_PRE_KERNEL_130_
                0x000000000000a184        0x8 zephyr/kernel/libkernel.a(kheap.c.obj)
 .z_init_PRE_KERNEL_140_
                0x000000000000a18c       0x10 zephyr/drivers/gpio/libdrivers__gpio.a(gpio_nrfx.c.obj)
 .z_init_PRE_KERNEL_140_
                0x000000000000a19c        0x8 modules/nrf/drivers/hw_cc310/lib..__nrf__drivers__hw_cc310.a(hw_cc310.c.obj)
 .z_init_PRE_KERNEL_155_
                0x000000000000a1a4       0x10 zephyr/drivers/serial/libdrivers__serial.a(uart_nrfx_uarte.c.obj)
 .z_init_PRE_KERNEL_160_
                0x000000000000a1b4        0x8 zephyr/drivers/console/libdrivers__console.a(uart_console.c.obj)
                0x000000000000a1bc                __init_PRE_KERNEL_2_start = .
 *(SORT_BY_NAME(SORT_BY_ALIGNMENT(.z_init_PRE_KERNEL_2[0-9]_*)))
 .z_init_PRE_KERNEL_20_
                0x000000000000a1bc        0x8 zephyr/drivers/timer/libdrivers__timer.a(nrf_rtc_timer.c.obj)
 *(SORT_BY_NAME(SORT_BY_ALIGNMENT(.z_init_PRE_KERNEL_2[1-9][0-9]_*)))
                0x000000000000a1c4                __init_POST_KERNEL_start = .
 *(SORT_BY_NAME(SORT_BY_ALIGNMENT(.z_init_POST_KERNEL[0-9]_*)))
 *(SORT_BY_NAME(SORT_BY_ALIGNMENT(.z_init_POST_KERNEL[1-9][0-9]_*)))
 .z_init_POST_KERNEL40_
                0x000000000000a1c4        0x8 modules/nrf/drivers/hw_cc310/lib..__nrf__drivers__hw_cc310.a(hw_cc310.c.obj)
                0x000000000000a1cc                __init_APPLICATION_start = .
 *(SORT_BY_NAME(SORT_BY_ALIGNMENT(.z_init_APPLICATION[0-9]_*)))
 *(SORT_BY_NAME(SORT_BY_ALIGNMENT(.z_init_APPLICATION[1-9][0-9]_*)))
                0x000000000000a1cc                __init_SMP_start = .
 *(SORT_BY_NAME(SORT_BY_ALIGNMENT(.z_init_SMP[0-9]_*)))
 *(SORT_BY_NAME(SORT_BY_ALIGNMENT(.z_init_SMP[1-9][0-9]_*)))
                0x000000000000a1cc                __init_end = .

devices         0x000000000000a1cc       0x78
                0x000000000000a1cc                __device_start = .
                0x000000000000a1cc                __device_PRE_KERNEL_1_start = .
 *(SORT_BY_NAME(SORT_BY_ALIGNMENT(.z_device_PRE_KERNEL_1[0-9]_*)))
 *(SORT_BY_NAME(SORT_BY_ALIGNMENT(.z_device_PRE_KERNEL_1[1-9][0-9]_*)))
 .z_device_PRE_KERNEL_130_
                0x000000000000a1cc       0x18 zephyr/drivers/clock_control/libdrivers__clock_control.a(clock_control_nrf.c.obj)
                0x000000000000a1cc                __device_dts_ord_72
 .z_device_PRE_KERNEL_140_
                0x000000000000a1e4       0x30 zephyr/drivers/gpio/libdrivers__gpio.a(gpio_nrfx.c.obj)
                0x000000000000a1e4                __device_dts_ord_104
                0x000000000000a1fc                __device_dts_ord_11
 .z_device_PRE_KERNEL_155_
                0x000000000000a214       0x30 zephyr/drivers/serial/libdrivers__serial.a(uart_nrfx_uarte.c.obj)
                0x000000000000a214                __device_dts_ord_113
                0x000000000000a22c                __device_dts_ord_112
                0x000000000000a244                __device_PRE_KERNEL_2_start = .
 *(SORT_BY_NAME(SORT_BY_ALIGNMENT(.z_device_PRE_KERNEL_2[0-9]_*)))
 *(SORT_BY_NAME(SORT_BY_ALIGNMENT(.z_device_PRE_KERNEL_2[1-9][0-9]_*)))
                0x000000000000a244                __device_POST_KERNEL_start = .
 *(SORT_BY_NAME(SORT_BY_ALIGNMENT(.z_device_POST_KERNEL[0-9]_*)))
 *(SORT_BY_NAME(SORT_BY_ALIGNMENT(.z_device_POST_KERNEL[1-9][0-9]_*)))
                0x000000000000a244                __device_APPLICATION_start = .
 *(SORT_BY_NAME(SORT_BY_ALIGNMENT(.z_device_APPLICATION[0-9]_*)))
 *(SORT_BY_NAME(SORT_BY_ALIGNMENT(.z_device_APPLICATION[1-9][0-9]_*)))
                0x000000000000a244                __device_SMP_start = .
 *(SORT_BY_NAME(SORT_BY_ALIGNMENT(.z_device_SMP[0-9]_*)))
 *(SORT_BY_NAME(SORT_BY_ALIGNMENT(.z_device_SMP[1-9][0-9]_*)))
                0x000000000000a244                __device_end = .

sw_isr_table    0x000000000000a244      0x180
                0x000000000000a244                . = ALIGN (0x0)
 *(SORT_BY_ALIGNMENT(.gnu.linkonce.sw_isr_table*))
 .gnu.linkonce.sw_isr_table
                0x000000000000a244      0x180 zephyr/CMakeFiles/zephyr_final.dir/isr_tables.c.obj
                0x000000000000a244                _sw_isr_table

initlevel_error
                0x000000000000a164        0x0
 *(SORT_BY_NAME(SORT_BY_ALIGNMENT(.z_init_[_A-Z0-9]*)))
                0x0000000000000001                ASSERT ((SIZEOF (initlevel_error) == 0x0), Undefined initialization levels used.)

app_shmem_regions
                0x000000000000a3c4        0x0
                0x000000000000a3c4                __app_shmem_regions_start = .
 *(SORT_BY_NAME(SORT_BY_ALIGNMENT(.app_regions.*)))
                0x000000000000a3c4                __app_shmem_regions_end = .

bt_l2cap_fixed_chan_area
                0x000000000000a3c4        0x0
                0x000000000000a3c4                _bt_l2cap_fixed_chan_list_start = .
 *(SORT_BY_NAME(SORT_BY_ALIGNMENT(._bt_l2cap_fixed_chan.static.*)))
                0x000000000000a3c4                _bt_l2cap_fixed_chan_list_end = .

bt_gatt_service_static_area
                0x000000000000a3c4        0x0
                0x000000000000a3c4                _bt_gatt_service_static_list_start = .
 *(SORT_BY_NAME(SORT_BY_ALIGNMENT(._bt_gatt_service_static.static.*)))
                0x000000000000a3c4                _bt_gatt_service_static_list_end = .

k_p4wq_initparam_area
                0x000000000000a3c4        0x0
                0x000000000000a3c4                _k_p4wq_initparam_list_start = .
 *(SORT_BY_NAME(SORT_BY_ALIGNMENT(._k_p4wq_initparam.static.*)))
                0x000000000000a3c4                _k_p4wq_initparam_list_end = .

log_strings_sections
                0x000000000000a3c4        0x0
                0x000000000000a3c4                __log_strings_start = .
 *(SORT_BY_NAME(SORT_BY_ALIGNMENT(.log_strings*)))
                0x000000000000a3c4                __log_strings_end = .

log_const_sections
                0x000000000000a3c4        0x0
                0x000000000000a3c4                __log_const_start = .
 *(SORT_BY_NAME(SORT_BY_ALIGNMENT(.log_const_*)))
                0x000000000000a3c4                __log_const_end = .

log_backends_sections
                0x000000000000a3c4        0x0
                0x000000000000a3c4                __log_backends_start = .
 *(SORT_BY_ALIGNMENT(._log_backend.*))
                0x000000000000a3c4                __log_backends_end = .

shell_area      0x000000000000a3c4        0x0
                0x000000000000a3c4                _shell_list_start = .
 *(SORT_BY_NAME(SORT_BY_ALIGNMENT(._shell.static.*)))
                0x000000000000a3c4                _shell_list_end = .

shell_root_cmds_sections
                0x000000000000a3c4        0x0
                0x000000000000a3c4                __shell_root_cmds_start = .
 *(SORT_BY_NAME(SORT_BY_ALIGNMENT(.shell_root_cmd_*)))
                0x000000000000a3c4                __shell_root_cmds_end = .

font_entry_sections
                0x000000000000a3c4        0x0
                0x000000000000a3c4                __font_entry_start = .
 *(SORT_BY_NAME(SORT_BY_ALIGNMENT(._cfb_font.*)))
                0x000000000000a3c4                __font_entry_end = .

tracing_backend_area
                0x000000000000a3c4        0x0
                0x000000000000a3c4                _tracing_backend_list_start = .
 *(SORT_BY_NAME(SORT_BY_ALIGNMENT(._tracing_backend.static.*)))
                0x000000000000a3c4                _tracing_backend_list_end = .

zephyr_dbg_info
                0x000000000000a3c4       0x3c
 *(SORT_BY_ALIGNMENT(.dbg_thread_info))
 .dbg_thread_info
                0x000000000000a3c4       0x3c zephyr/libzephyr.a(thread_info.c.obj)
                0x000000000000a3c4                _kernel_openocd_size_t_size
                0x000000000000a3c4                _kernel_thread_info_size_t_size
                0x000000000000a3c8                _kernel_openocd_num_offsets
                0x000000000000a3c8                _kernel_thread_info_num_offsets
                0x000000000000a3cc                _kernel_openocd_offsets
                0x000000000000a3cc                _kernel_thread_info_offsets

device_handles  0x000000000000a400       0x1e
                0x000000000000a400                __device_handles_start = .
 *(SORT_BY_NAME(SORT_BY_ALIGNMENT(.__device_handles_pass2*)))
 .__device_handles_pass2
                0x000000000000a400       0x1e zephyr/CMakeFiles/zephyr_final.dir/dev_handles.c.obj
                0x000000000000a400                __devicehdl_DT_N_S_soc_S_uart_40002000
                0x000000000000a406                __devicehdl_DT_N_S_soc_S_uart_40028000
                0x000000000000a40c                __devicehdl_DT_N_S_soc_S_gpio_50000000
                0x000000000000a412                __devicehdl_DT_N_S_soc_S_gpio_50000300
                0x000000000000a418                __devicehdl_DT_N_S_soc_S_clock_40000000
                0x000000000000a41e                __device_handles_end = .

rodata          0x000000000000a420     0x1798
 *(SORT_BY_ALIGNMENT(.rodata))
 .rodata        0x000000000000a420        0x8 modules/hal_nordic/nrfx/libmodules__hal_nordic__nrfx.a(nrfx_gpiote.c.obj)
 *(SORT_BY_ALIGNMENT(.rodata.*))
 *fill*         0x000000000000a428        0x8 
 .rodata.delay_machine_code.0
                0x000000000000a430        0x6 zephyr/soc/arm/nordic_nrf/nrf52/libsoc__arm__nordic_nrf__nrf52.a(soc.c.obj)
 *fill*         0x000000000000a436        0x2 
 .rodata.z_impl_gpio_pin_configure.str1.4
                0x000000000000a438      0x35a app/libapp.a(main.c.obj)
 *fill*         0x000000000000a792        0x2 
 .rodata.uart_out.str1.4
                0x000000000000a794       0x1b app/libapp.a(main.c.obj)
 *fill*         0x000000000000a7af        0x1 
 .rodata.blink.str1.4
                0x000000000000a7b0       0x71 app/libapp.a(main.c.obj)
 *fill*         0x000000000000a821        0x3 
 .rodata.str1.4
                0x000000000000a824       0x6c app/libapp.a(main.c.obj)
 .rodata.led0   0x000000000000a890        0xc app/libapp.a(main.c.obj)
 .rodata.led1   0x000000000000a89c        0xc app/libapp.a(main.c.obj)
 .rodata.led2   0x000000000000a8a8        0xc app/libapp.a(main.c.obj)
 .rodata.led3   0x000000000000a8b4        0xc app/libapp.a(main.c.obj)
 .rodata.sys_notify_finalize.str1.4
                0x000000000000a8c0       0x23 zephyr/libzephyr.a(notify.c.obj)
                                         0x45 (size before relaxing)
 *fill*         0x000000000000a8e3        0x1 
 .rodata.process_complete.str1.4
                0x000000000000a8e4       0x4b zephyr/libzephyr.a(onoff.c.obj)
                                         0x6e (size before relaxing)
 *fill*         0x000000000000a92f        0x1 
 .rodata.process_event.str1.4
                0x000000000000a930      0x13c zephyr/libzephyr.a(onoff.c.obj)
 .rodata.sys_heap_free.str1.4
                0x000000000000aa6c       0xd4 zephyr/libzephyr.a(heap.c.obj)
                                         0xf4 (size before relaxing)
 .rodata.sys_heap_aligned_alloc.str1.4
                0x000000000000ab40       0x39 zephyr/libzephyr.a(heap.c.obj)
 *fill*         0x000000000000ab79        0x3 
 .rodata.sys_heap_init.str1.4
                0x000000000000ab7c       0xc7 zephyr/libzephyr.a(heap.c.obj)
 *fill*         0x000000000000ac43        0x1 
 .rodata.cbvprintf.str1.4
                0x000000000000ac44        0x6 zephyr/libzephyr.a(cbprintf_complete.c.obj)
 *fill*         0x000000000000ac4a        0x2 
 .rodata.sys_reboot.str1.4
                0x000000000000ac4c       0x29 zephyr/libzephyr.a(reboot.c.obj)
 .rodata.pm_system_resume.str1.4
                0x000000000000ac75       0xad zephyr/libzephyr.a(pm.c.obj)
 *fill*         0x000000000000ac75        0x3 
 .rodata.pmstates_DT_N_S_cpus_S_cpu_0
                0x000000000000ac78        0x0 zephyr/libzephyr.a(state.c.obj)
 .rodata.apis   0x000000000000ac78        0x8 zephyr/libzephyr.a(nrf_cc3xx_platform_abort_zephyr.c.obj)
 .rodata.mutex_free_platform.str1.4
                0x000000000000ac80       0x26 zephyr/libzephyr.a(nrf_cc3xx_platform_mutex_zephyr.c.obj)
 *fill*         0x000000000000aca6        0x2 
 .rodata.mutex_init_platform.str1.4
                0x000000000000aca8       0x2d zephyr/libzephyr.a(nrf_cc3xx_platform_mutex_zephyr.c.obj)
 *fill*         0x000000000000acd5        0x3 
 .rodata.mutex_apis
                0x000000000000acd8       0x10 zephyr/libzephyr.a(nrf_cc3xx_platform_mutex_zephyr.c.obj)
 .rodata.mutexes
                0x000000000000ace8       0x14 zephyr/libzephyr.a(nrf_cc3xx_platform_mutex_zephyr.c.obj)
 .rodata.z_arm_irq_priority_set.str1.4
                0x000000000000acfc       0x94 zephyr/arch/arch/arm/core/aarch32/libarch__arm__core__aarch32.a(irq_manage.c.obj)
                                         0xb4 (size before relaxing)
 .rodata.mem_manage_fault.str1.4
                0x000000000000ad90       0xab zephyr/arch/arch/arm/core/aarch32/cortex_m/libarch__arm__core__aarch32__cortex_m.a(fault.c.obj)
                                         0xcb (size before relaxing)
 *fill*         0x000000000000ae3b        0x1 
 .rodata.hard_fault.str1.4
                0x000000000000ae3c       0x54 zephyr/arch/arch/arm/core/aarch32/cortex_m/libarch__arm__core__aarch32__cortex_m.a(fault.c.obj)
                                         0x58 (size before relaxing)
 .rodata.z_arm_fault.str1.4
                0x000000000000ae90       0x52 zephyr/arch/arch/arm/core/aarch32/cortex_m/libarch__arm__core__aarch32__cortex_m.a(fault.c.obj)
 *fill*         0x000000000000aee2        0x2 
 .rodata.static_regions
                0x000000000000aee4        0xc zephyr/arch/arch/arm/core/aarch32/mpu/libarch__arm__core__aarch32__mpu.a(arm_core_mpu.c.obj)
 .rodata.arm_core_mpu_configure_static_mpu_regions.str1.4
                0x000000000000aef0       0x64 zephyr/arch/arch/arm/core/aarch32/mpu/libarch__arm__core__aarch32__mpu.a(arm_mpu.c.obj)
                                         0x88 (size before relaxing)
 .rodata.arm_core_mpu_configure_dynamic_mpu_regions.str1.4
                0x000000000000af54       0x2d zephyr/arch/arch/arm/core/aarch32/mpu/libarch__arm__core__aarch32__mpu.a(arm_mpu.c.obj)
 *fill*         0x000000000000af81        0x3 
 .rodata.z_arm_mpu_init.str1.4
                0x000000000000af84       0xa5 zephyr/arch/arch/arm/core/aarch32/mpu/libarch__arm__core__aarch32__mpu.a(arm_mpu.c.obj)
 *fill*         0x000000000000b029        0x3 
 .rodata.str1.4
                0x000000000000b02c        0xf zephyr/soc/arm/common/cortex_m/libsoc__arm__common__cortex_m.a(arm_mpu_regions.c.obj)
 *fill*         0x000000000000b03b        0x1 
 .rodata.mpu_config
                0x000000000000b03c        0x8 zephyr/soc/arm/common/cortex_m/libsoc__arm__common__cortex_m.a(arm_mpu_regions.c.obj)
                0x000000000000b03c                mpu_config
 .rodata.mpu_regions
                0x000000000000b044       0x18 zephyr/soc/arm/common/cortex_m/libsoc__arm__common__cortex_m.a(arm_mpu_regions.c.obj)
 .rodata.get_status.str1.4
                0x000000000000b05c       0x64 zephyr/drivers/clock_control/libdrivers__clock_control.a(clock_control_nrf.c.obj)
                                         0x81 (size before relaxing)
 .rodata.clock_event_handler.str1.4
                0x000000000000b0c0        0x2 zephyr/drivers/clock_control/libdrivers__clock_control.a(clock_control_nrf.c.obj)
 .rodata.z_nrf_clock_control_lf_on.str1.4
                0x000000000000b0c0        0x9 zephyr/drivers/clock_control/libdrivers__clock_control.a(clock_control_nrf.c.obj)
 *fill*         0x000000000000b0c9        0x3 
 .rodata.str1.4
                0x000000000000b0cc        0x6 zephyr/drivers/clock_control/libdrivers__clock_control.a(clock_control_nrf.c.obj)
 *fill*         0x000000000000b0d2        0x2 
 .rodata.clock_control_api
                0x000000000000b0d4       0x18 zephyr/drivers/clock_control/libdrivers__clock_control.a(clock_control_nrf.c.obj)
 .rodata.config
                0x000000000000b0ec       0x10 zephyr/drivers/clock_control/libdrivers__clock_control.a(clock_control_nrf.c.obj)
 .rodata.transitions.0
                0x000000000000b0fc        0xc zephyr/drivers/clock_control/libdrivers__clock_control.a(clock_control_nrf.c.obj)
 .rodata.gpio_nrfx_manage_callback.str1.4
                0x000000000000b108       0x77 zephyr/drivers/gpio/libdrivers__gpio.a(gpio_nrfx.c.obj)
                                         0x97 (size before relaxing)
 *fill*         0x000000000000b17f        0x1 
 .rodata.nrfx_gpio_handler.str1.4
                0x000000000000b180        0xc zephyr/drivers/gpio/libdrivers__gpio.a(gpio_nrfx.c.obj)
 .rodata.gpio_nrfx_pin_interrupt_configure.str1.4
                0x000000000000b18c       0x57 zephyr/drivers/gpio/libdrivers__gpio.a(gpio_nrfx.c.obj)
                                         0x5a (size before relaxing)
 *fill*         0x000000000000b1e3        0x1 
 .rodata.str1.4
                0x000000000000b1e4        0xf zephyr/drivers/gpio/libdrivers__gpio.a(gpio_nrfx.c.obj)
 *fill*         0x000000000000b1f3        0x1 
 .rodata.gpio_nrfx_drv_api_funcs
                0x000000000000b1f4       0x24 zephyr/drivers/gpio/libdrivers__gpio.a(gpio_nrfx.c.obj)
 .rodata.gpio_nrfx_p0_cfg
                0x000000000000b218       0x10 zephyr/drivers/gpio/libdrivers__gpio.a(gpio_nrfx.c.obj)
 .rodata.gpio_nrfx_p1_cfg
                0x000000000000b228       0x10 zephyr/drivers/gpio/libdrivers__gpio.a(gpio_nrfx.c.obj)
 .rodata.str1.4
                0x000000000000b238        0xf zephyr/drivers/serial/libdrivers__serial.a(uart_nrfx_uarte.c.obj)
 *fill*         0x000000000000b247        0x1 
 .rodata.__pinctrl_dev_config__device_dts_ord_112
                0x000000000000b248        0xc zephyr/drivers/serial/libdrivers__serial.a(uart_nrfx_uarte.c.obj)
 .rodata.__pinctrl_dev_config__device_dts_ord_113
                0x000000000000b254        0xc zephyr/drivers/serial/libdrivers__serial.a(uart_nrfx_uarte.c.obj)
 .rodata.__pinctrl_state_pins_0__device_dts_ord_112
                0x000000000000b260       0x10 zephyr/drivers/serial/libdrivers__serial.a(uart_nrfx_uarte.c.obj)
 .rodata.__pinctrl_state_pins_0__device_dts_ord_113
                0x000000000000b270        0x8 zephyr/drivers/serial/libdrivers__serial.a(uart_nrfx_uarte.c.obj)
 .rodata.__pinctrl_states__device_dts_ord_112
                0x000000000000b278        0x8 zephyr/drivers/serial/libdrivers__serial.a(uart_nrfx_uarte.c.obj)
 .rodata.__pinctrl_states__device_dts_ord_113
                0x000000000000b280        0x8 zephyr/drivers/serial/libdrivers__serial.a(uart_nrfx_uarte.c.obj)
 .rodata.uart_nrfx_uarte_driver_api
                0x000000000000b288       0x14 zephyr/drivers/serial/libdrivers__serial.a(uart_nrfx_uarte.c.obj)
 .rodata.uarte_0z_config
                0x000000000000b29c       0x10 zephyr/drivers/serial/libdrivers__serial.a(uart_nrfx_uarte.c.obj)
 .rodata.uarte_1z_config
                0x000000000000b2ac       0x10 zephyr/drivers/serial/libdrivers__serial.a(uart_nrfx_uarte.c.obj)
 .rodata.nrf_pin_configure.str1.4
                0x000000000000b2bc       0x7a zephyr/drivers/pinctrl/libdrivers__pinctrl.a(pinctrl_nrf.c.obj)
 .rodata.clock_stop.str1.4
                0x000000000000b2bc       0x74 modules/hal_nordic/nrfx/libmodules__hal_nordic__nrfx.a(nrfx_clock.c.obj)
                                         0x98 (size before relaxing)
 .rodata.nrfx_clock_init.str1.4
                0x000000000000b330        0xe modules/hal_nordic/nrfx/libmodules__hal_nordic__nrfx.a(nrfx_clock.c.obj)
 *fill*         0x000000000000b33e        0x2 
 .rodata.nrfx_clock_enable.str1.4
                0x000000000000b340       0x1e modules/hal_nordic/nrfx/libmodules__hal_nordic__nrfx.a(nrfx_clock.c.obj)
 *fill*         0x000000000000b35e        0x2 
 .rodata.release_handler.str1.4
                0x000000000000b360       0x54 modules/hal_nordic/nrfx/libmodules__hal_nordic__nrfx.a(nrfx_gpiote.c.obj)
                                         0x71 (size before relaxing)
 .rodata.next_sense_cond_call_handler.str1.4
                0x000000000000b3b4       0x5a modules/hal_nordic/nrfx/libmodules__hal_nordic__nrfx.a(nrfx_gpiote.c.obj)
 .rodata.nrfx_gpiote_channel_get.str1.4
                0x000000000000b3b4        0xa modules/hal_nordic/nrfx/libmodules__hal_nordic__nrfx.a(nrfx_gpiote.c.obj)
 *fill*         0x000000000000b3be        0x2 
 .rodata.nrfx_gpiote_out_task_get.str1.4
                0x000000000000b3c0       0x42 modules/hal_nordic/nrfx/libmodules__hal_nordic__nrfx.a(nrfx_gpiote.c.obj)
 *fill*         0x000000000000b402        0x2 
 .rodata.nrfx_gpiote_trigger_enable.str1.4
                0x000000000000b404       0x23 modules/hal_nordic/nrfx/libmodules__hal_nordic__nrfx.a(nrfx_gpiote.c.obj)